Archive member included to satisfy reference by file (symbol)

/home/faoziaziz/Installer/gcc-arm-none-eabi-8-2018-q4-major-linux/gcc-arm-none-eabi-8-2018-q4-major/bin/../lib/gcc/arm-none-eabi/8.2.1/../../../../arm-none-eabi/lib/thumb/v7e-m+fp/hard/libc_nano.a(lib_a-exit.o)
                              /home/faoziaziz/Installer/gcc-arm-none-eabi-8-2018-q4-major-linux/gcc-arm-none-eabi-8-2018-q4-major/bin/../lib/gcc/arm-none-eabi/8.2.1/../../../../arm-none-eabi/lib/thumb/v7e-m+fp/hard/crt0.o (exit)
/home/faoziaziz/Installer/gcc-arm-none-eabi-8-2018-q4-major-linux/gcc-arm-none-eabi-8-2018-q4-major/bin/../lib/gcc/arm-none-eabi/8.2.1/../../../../arm-none-eabi/lib/thumb/v7e-m+fp/hard/libc_nano.a(lib_a-impure.o)
                              /home/faoziaziz/Installer/gcc-arm-none-eabi-8-2018-q4-major-linux/gcc-arm-none-eabi-8-2018-q4-major/bin/../lib/gcc/arm-none-eabi/8.2.1/../../../../arm-none-eabi/lib/thumb/v7e-m+fp/hard/libc_nano.a(lib_a-exit.o) (_global_impure_ptr)
/home/faoziaziz/Installer/gcc-arm-none-eabi-8-2018-q4-major-linux/gcc-arm-none-eabi-8-2018-q4-major/bin/../lib/gcc/arm-none-eabi/8.2.1/../../../../arm-none-eabi/lib/thumb/v7e-m+fp/hard/libc_nano.a(lib_a-init.o)
                              /home/faoziaziz/Installer/gcc-arm-none-eabi-8-2018-q4-major-linux/gcc-arm-none-eabi-8-2018-q4-major/bin/../lib/gcc/arm-none-eabi/8.2.1/../../../../arm-none-eabi/lib/thumb/v7e-m+fp/hard/crt0.o (__libc_init_array)
/home/faoziaziz/Installer/gcc-arm-none-eabi-8-2018-q4-major-linux/gcc-arm-none-eabi-8-2018-q4-major/bin/../lib/gcc/arm-none-eabi/8.2.1/../../../../arm-none-eabi/lib/thumb/v7e-m+fp/hard/libc_nano.a(lib_a-memcpy-stub.o)
                              build/queue.o (memcpy)
/home/faoziaziz/Installer/gcc-arm-none-eabi-8-2018-q4-major-linux/gcc-arm-none-eabi-8-2018-q4-major/bin/../lib/gcc/arm-none-eabi/8.2.1/../../../../arm-none-eabi/lib/thumb/v7e-m+fp/hard/libc_nano.a(lib_a-memset.o)
                              /home/faoziaziz/Installer/gcc-arm-none-eabi-8-2018-q4-major-linux/gcc-arm-none-eabi-8-2018-q4-major/bin/../lib/gcc/arm-none-eabi/8.2.1/../../../../arm-none-eabi/lib/thumb/v7e-m+fp/hard/crt0.o (memset)
/home/faoziaziz/Installer/gcc-arm-none-eabi-8-2018-q4-major-linux/gcc-arm-none-eabi-8-2018-q4-major/bin/../lib/gcc/arm-none-eabi/8.2.1/../../../../arm-none-eabi/lib/thumb/v7e-m+fp/hard/libnosys.a(_exit.o)
                              /home/faoziaziz/Installer/gcc-arm-none-eabi-8-2018-q4-major-linux/gcc-arm-none-eabi-8-2018-q4-major/bin/../lib/gcc/arm-none-eabi/8.2.1/../../../../arm-none-eabi/lib/thumb/v7e-m+fp/hard/libc_nano.a(lib_a-exit.o) (_exit)
/home/faoziaziz/Installer/gcc-arm-none-eabi-8-2018-q4-major-linux/gcc-arm-none-eabi-8-2018-q4-major/bin/../lib/gcc/arm-none-eabi/8.2.1/thumb/v7e-m+fp/hard/libgcc.a(_aeabi_uldivmod.o)
                              build/stm32f4xx_hal_rcc.o (__aeabi_uldivmod)
/home/faoziaziz/Installer/gcc-arm-none-eabi-8-2018-q4-major-linux/gcc-arm-none-eabi-8-2018-q4-major/bin/../lib/gcc/arm-none-eabi/8.2.1/thumb/v7e-m+fp/hard/libgcc.a(_udivmoddi4.o)
                              /home/faoziaziz/Installer/gcc-arm-none-eabi-8-2018-q4-major-linux/gcc-arm-none-eabi-8-2018-q4-major/bin/../lib/gcc/arm-none-eabi/8.2.1/thumb/v7e-m+fp/hard/libgcc.a(_aeabi_uldivmod.o) (__udivmoddi4)
/home/faoziaziz/Installer/gcc-arm-none-eabi-8-2018-q4-major-linux/gcc-arm-none-eabi-8-2018-q4-major/bin/../lib/gcc/arm-none-eabi/8.2.1/thumb/v7e-m+fp/hard/libgcc.a(_dvmd_tls.o)
                              /home/faoziaziz/Installer/gcc-arm-none-eabi-8-2018-q4-major-linux/gcc-arm-none-eabi-8-2018-q4-major/bin/../lib/gcc/arm-none-eabi/8.2.1/thumb/v7e-m+fp/hard/libgcc.a(_aeabi_uldivmod.o) (__aeabi_ldiv0)

Allocating common symbols
Common symbol       size              file

defaultTaskHandle   0x4               build/main.o
uwTick              0x4               build/stm32f4xx_hal.o
xQueueRegistry      0x40              build/queue.o
pFlash              0x20              build/stm32f4xx_hal_flash.o
myTask02Handle      0x4               build/main.o

Discarded input sections

 .text          0x0000000000000000        0x0 /home/faoziaziz/Installer/gcc-arm-none-eabi-8-2018-q4-major-linux/gcc-arm-none-eabi-8-2018-q4-major/bin/../lib/gcc/arm-none-eabi/8.2.1/thumb/v7e-m+fp/hard/crti.o
 .data          0x0000000000000000        0x0 /home/faoziaziz/Installer/gcc-arm-none-eabi-8-2018-q4-major-linux/gcc-arm-none-eabi-8-2018-q4-major/bin/../lib/gcc/arm-none-eabi/8.2.1/thumb/v7e-m+fp/hard/crti.o
 .bss           0x0000000000000000        0x0 /home/faoziaziz/Installer/gcc-arm-none-eabi-8-2018-q4-major-linux/gcc-arm-none-eabi-8-2018-q4-major/bin/../lib/gcc/arm-none-eabi/8.2.1/thumb/v7e-m+fp/hard/crti.o
 .data          0x0000000000000000        0x4 /home/faoziaziz/Installer/gcc-arm-none-eabi-8-2018-q4-major-linux/gcc-arm-none-eabi-8-2018-q4-major/bin/../lib/gcc/arm-none-eabi/8.2.1/thumb/v7e-m+fp/hard/crtbegin.o
[...]
Memory Configuration

Name             Origin             Length             Attributes
RAM              0x0000000020000000 0x0000000000020000 xrw
CCMRAM           0x0000000010000000 0x0000000000010000 rw
FLASH            0x0000000008000000 0x0000000000100000 xr
*default*        0x0000000000000000 0xffffffffffffffff

Linker script and memory map

LOAD /home/faoziaziz/Installer/gcc-arm-none-eabi-8-2018-q4-major-linux/gcc-arm-none-eabi-8-2018-q4-major/bin/../lib/gcc/arm-none-eabi/8.2.1/thumb/v7e-m+fp/hard/crti.o
LOAD /home/faoziaziz/Installer/gcc-arm-none-eabi-8-2018-q4-major-linux/gcc-arm-none-eabi-8-2018-q4-major/bin/../lib/gcc/arm-none-eabi/8.2.1/thumb/v7e-m+fp/hard/crtbegin.o
LOAD /home/faoziaziz/Installer/gcc-arm-none-eabi-8-2018-q4-major-linux/gcc-arm-none-eabi-8-2018-q4-major/bin/../lib/gcc/arm-none-eabi/8.2.1/../../../../arm-none-eabi/lib/thumb/v7e-m+fp/hard/crt0.o
LOAD build/main.o
LOAD build/freertos.o
LOAD build/stm32f4xx_it.o
LOAD build/stm32f4xx_hal_msp.o
LOAD build/stm32f4xx_hal_tim.o
LOAD build/stm32f4xx_hal_tim_ex.o
LOAD build/stm32f4xx_hal_rcc.o
LOAD build/stm32f4xx_hal_rcc_ex.o
LOAD build/stm32f4xx_hal_flash.o
LOAD build/stm32f4xx_hal_flash_ex.o
LOAD build/stm32f4xx_hal_flash_ramfunc.o
LOAD build/stm32f4xx_hal_gpio.o
LOAD build/stm32f4xx_hal_dma_ex.o
LOAD build/stm32f4xx_hal_dma.o
LOAD build/stm32f4xx_hal_pwr.o
LOAD build/stm32f4xx_hal_pwr_ex.o
LOAD build/stm32f4xx_hal_cortex.o
LOAD build/stm32f4xx_hal.o
LOAD build/system_stm32f4xx.o
LOAD build/croutine.o
LOAD build/event_groups.o
LOAD build/list.o
LOAD build/queue.o
LOAD build/tasks.o
LOAD build/timers.o
LOAD build/cmsis_os.o
LOAD build/heap_4.o
LOAD build/port.o
LOAD build/startup_stm32f407xx.o
LOAD /home/faoziaziz/Installer/gcc-arm-none-eabi-8-2018-q4-major-linux/gcc-arm-none-eabi-8-2018-q4-major/bin/../lib/gcc/arm-none-eabi/8.2.1/../../../../arm-none-eabi/lib/thumb/v7e-m+fp/hard/libc_nano.a
LOAD /home/faoziaziz/Installer/gcc-arm-none-eabi-8-2018-q4-major-linux/gcc-arm-none-eabi-8-2018-q4-major/bin/../lib/gcc/arm-none-eabi/8.2.1/../../../../arm-none-eabi/lib/thumb/v7e-m+fp/hard/libm.a
LOAD /home/faoziaziz/Installer/gcc-arm-none-eabi-8-2018-q4-major-linux/gcc-arm-none-eabi-8-2018-q4-major/bin/../lib/gcc/arm-none-eabi/8.2.1/../../../../arm-none-eabi/lib/thumb/v7e-m+fp/hard/libnosys.a
START GROUP
LOAD /home/faoziaziz/Installer/gcc-arm-none-eabi-8-2018-q4-major-linux/gcc-arm-none-eabi-8-2018-q4-major/bin/../lib/gcc/arm-none-eabi/8.2.1/thumb/v7e-m+fp/hard/libgcc.a
LOAD /home/faoziaziz/Installer/gcc-arm-none-eabi-8-2018-q4-major-linux/gcc-arm-none-eabi-8-2018-q4-major/bin/../lib/gcc/arm-none-eabi/8.2.1/../../../../arm-none-eabi/lib/thumb/v7e-m+fp/hard/libc_nano.a
END GROUP
START GROUP
LOAD /home/faoziaziz/Installer/gcc-arm-none-eabi-8-2018-q4-major-linux/gcc-arm-none-eabi-8-2018-q4-major/bin/../lib/gcc/arm-none-eabi/8.2.1/thumb/v7e-m+fp/hard/libgcc.a
LOAD /home/faoziaziz/Installer/gcc-arm-none-eabi-8-2018-q4-major-linux/gcc-arm-none-eabi-8-2018-q4-major/bin/../lib/gcc/arm-none-eabi/8.2.1/../../../../arm-none-eabi/lib/thumb/v7e-m+fp/hard/libc_nano.a
END GROUP
LOAD /home/faoziaziz/Installer/gcc-arm-none-eabi-8-2018-q4-major-linux/gcc-arm-none-eabi-8-2018-q4-major/bin/../lib/gcc/arm-none-eabi/8.2.1/thumb/v7e-m+fp/hard/crtend.o
LOAD /home/faoziaziz/Installer/gcc-arm-none-eabi-8-2018-q4-major-linux/gcc-arm-none-eabi-8-2018-q4-major/bin/../lib/gcc/arm-none-eabi/8.2.1/thumb/v7e-m+fp/hard/crtn.o
                0x0000000020020000                _estack = 0x20020000
                0x0000000000000200                _Min_Heap_Size = 0x200
                0x0000000000000400                _Min_Stack_Size = 0x400

.isr_vector     0x0000000008000000      0x188
                0x0000000008000000                . = ALIGN (0x4)
 *(.isr_vector)
 .isr_vector    0x0000000008000000      0x188 build/startup_stm32f407xx.o
                0x0000000008000000                g_pfnVectors
                0x0000000008000188                . = ALIGN (0x4)

.text           0x0000000008000190     0x1c0c
                0x0000000008000190                . = ALIGN (0x4)
 *(.text)
 .text          0x0000000008000190       0x40 /home/faoziaziz/Installer/gcc-arm-none-eabi-8-2018-q4-major-linux/gcc-arm-none-eabi-8-2018-q4-major/bin/../lib/gcc/arm-none-eabi/8.2.1/thumb/v7e-m+fp/hard/crtbegin.o
 .text          0x00000000080001d0       0x30 /home/faoziaziz/Installer/gcc-arm-none-eabi-8-2018-q4-major-linux/gcc-arm-none-eabi-8-2018-q4-major/bin/../lib/gcc/arm-none-eabi/8.2.1/thumb/v7e-m+fp/hard/libgcc.a(_aeabi_uldivmod.o)
                0x00000000080001d0                __aeabi_uldivmod
 .text          0x0000000008000200      0x2d0 /home/faoziaziz/Installer/gcc-arm-none-eabi-8-2018-q4-major-linux/gcc-arm-none-eabi-8-2018-q4-major/bin/../lib/gcc/arm-none-eabi/8.2.1/thumb/v7e-m+fp/hard/libgcc.a(_udivmoddi4.o)
                0x0000000008000200                __udivmoddi4
 .text          0x00000000080004d0        0x4 /home/faoziaziz/Installer/gcc-arm-none-eabi-8-2018-q4-major-linux/gcc-arm-none-eabi-8-2018-q4-major/bin/../lib/gcc/arm-none-eabi/8.2.1/thumb/v7e-m+fp/hard/libgcc.a(_dvmd_tls.o)
                0x00000000080004d0                __aeabi_ldiv0
                0x00000000080004d0                __aeabi_idiv0
 *(.text*)
 .text.MX_GPIO_Init
                0x00000000080004d4       0x50 build/main.o
 .text.StartDefaultTask
                0x0000000008000524        0xa build/main.o
                0x0000000008000524                StartDefaultTask
 *fill*         0x000000000800052e        0x2 
 .text.StartTask02
                0x0000000008000530       0x20 build/main.o
                0x0000000008000530                StartTask02
 .text.SystemClock_Config
                0x0000000008000550       0x94 build/main.o
                0x0000000008000550                SystemClock_Config
 .text.main     0x00000000080005e4       0x54 build/main.o
                0x00000000080005e4                main
 .text.NMI_Handler
                0x0000000008000638        0x2 build/stm32f4xx_it.o
                0x0000000008000638                NMI_Handler
 .text.HardFault_Handler
                0x000000000800063a        0x2 build/stm32f4xx_it.o
                0x000000000800063a                HardFault_Handler
 .text.MemManage_Handler
                0x000000000800063c        0x2 build/stm32f4xx_it.o
                0x000000000800063c                MemManage_Handler
 .text.BusFault_Handler
                0x000000000800063e        0x2 build/stm32f4xx_it.o
                0x000000000800063e                BusFault_Handler
 .text.UsageFault_Handler
                0x0000000008000640        0x2 build/stm32f4xx_it.o
                0x0000000008000640                UsageFault_Handler
 .text.DebugMon_Handler
                0x0000000008000642        0x2 build/stm32f4xx_it.o
                0x0000000008000642                DebugMon_Handler
 .text.SysTick_Handler
                0x0000000008000644        0xc build/stm32f4xx_it.o
                0x0000000008000644                SysTick_Handler
 .text.HAL_MspInit
                0x0000000008000650       0x44 build/stm32f4xx_hal_msp.o
                0x0000000008000650                HAL_MspInit
 .text.HAL_RCC_OscConfig
                0x0000000008000694      0x398 build/stm32f4xx_hal_rcc.o
                0x0000000008000694                HAL_RCC_OscConfig
 .text.HAL_RCC_GetSysClockFreq
                0x0000000008000a2c       0xa4 build/stm32f4xx_hal_rcc.o
                0x0000000008000a2c                HAL_RCC_GetSysClockFreq
 .text.HAL_RCC_ClockConfig
                0x0000000008000ad0      0x15c build/stm32f4xx_hal_rcc.o
                0x0000000008000ad0                HAL_RCC_ClockConfig
 .text.HAL_GPIO_Init
                0x0000000008000c2c      0x1c8 build/stm32f4xx_hal_gpio.o
                0x0000000008000c2c                HAL_GPIO_Init
 .text.HAL_GPIO_WritePin
                0x0000000008000df4        0xc build/stm32f4xx_hal_gpio.o
                0x0000000008000df4                HAL_GPIO_WritePin
 .text.HAL_GPIO_TogglePin
                0x0000000008000e00        0x8 build/stm32f4xx_hal_gpio.o
                0x0000000008000e00                HAL_GPIO_TogglePin
 .text.HAL_NVIC_SetPriorityGrouping
                0x0000000008000e08       0x24 build/stm32f4xx_hal_cortex.o
                0x0000000008000e08                HAL_NVIC_SetPriorityGrouping
 .text.HAL_NVIC_SetPriority
                0x0000000008000e2c       0x68 build/stm32f4xx_hal_cortex.o
                0x0000000008000e2c                HAL_NVIC_SetPriority
 .text.HAL_SYSTICK_Config
                0x0000000008000e94       0x2c build/stm32f4xx_hal_cortex.o
                0x0000000008000e94                HAL_SYSTICK_Config
 .text.HAL_InitTick
                0x0000000008000ec0       0x4c build/stm32f4xx_hal.o
                0x0000000008000ec0                HAL_InitTick
 .text.HAL_Init
                0x0000000008000f0c       0x34 build/stm32f4xx_hal.o
                0x0000000008000f0c                HAL_Init
 .text.HAL_IncTick
                0x0000000008000f40       0x18 build/stm32f4xx_hal.o
                0x0000000008000f40                HAL_IncTick
 .text.HAL_GetTick
                0x0000000008000f58        0xc build/stm32f4xx_hal.o
                0x0000000008000f58                HAL_GetTick
 .text.HAL_Delay
                0x0000000008000f64       0x28 build/stm32f4xx_hal.o
                0x0000000008000f64                HAL_Delay
 .text.SystemInit
                0x0000000008000f8c       0x4c build/system_stm32f4xx.o
                0x0000000008000f8c                SystemInit
 .text.vListInitialise
                0x0000000008000fd8       0x16 build/list.o
                0x0000000008000fd8                vListInitialise
 .text.vListInitialiseItem
                0x0000000008000fee        0x6 build/list.o
                0x0000000008000fee                vListInitialiseItem
 .text.vListInsertEnd
                0x0000000008000ff4       0x16 build/list.o
                0x0000000008000ff4                vListInsertEnd
 .text.vListInsert
                0x000000000800100a       0x34 build/list.o
                0x000000000800100a                vListInsert
 .text.uxListRemove
                0x000000000800103e       0x24 build/list.o
                0x000000000800103e                uxListRemove
 *fill*         0x0000000008001062        0x2 
 .text.prvResetNextTaskUnblockTime
                0x0000000008001064       0x2c build/tasks.o
 .text.prvDeleteTCB
                0x0000000008001090       0x12 build/tasks.o
 .text.prvInitialiseNewTask
                0x00000000080010a2       0x7e build/tasks.o
 .text.prvInitialiseTaskLists
                0x0000000008001120       0x68 build/tasks.o
 .text.prvAddNewTaskToReadyList
                0x0000000008001188       0xa8 build/tasks.o
 .text.prvAddCurrentTaskToDelayedList
                0x0000000008001230       0x98 build/tasks.o
 .text.xTaskCreate
                0x00000000080012c8       0x62 build/tasks.o
                0x00000000080012c8                xTaskCreate
 *fill*         0x000000000800132a        0x2 
 .text.vTaskStartScheduler
                0x000000000800132c       0x7c build/tasks.o
                0x000000000800132c                vTaskStartScheduler
 .text.vTaskSuspendAll
                0x00000000080013a8       0x10 build/tasks.o
                0x00000000080013a8                vTaskSuspendAll
 .text.xTaskIncrementTick
                0x00000000080013b8      0x118 build/tasks.o
                0x00000000080013b8                xTaskIncrementTick
 .text.xTaskResumeAll
                0x00000000080014d0       0xfc build/tasks.o
                0x00000000080014d0                xTaskResumeAll
 .text.vTaskDelay
                0x00000000080015cc       0x4c build/tasks.o
                0x00000000080015cc                vTaskDelay
 .text.prvCheckTasksWaitingTermination
                0x0000000008001618       0x5c build/tasks.o
 .text.prvIdleTask
                0x0000000008001674       0x28 build/tasks.o
 .text.vTaskSwitchContext
                0x000000000800169c       0x9c build/tasks.o
                0x000000000800169c                vTaskSwitchContext
 .text.xTaskGetSchedulerState
                0x0000000008001738       0x20 build/tasks.o
                0x0000000008001738                xTaskGetSchedulerState
 .text.makeFreeRtosPriority
                0x0000000008001758        0xc build/cmsis_os.o
 .text.osKernelStart
                0x0000000008001764        0xa build/cmsis_os.o
                0x0000000008001764                osKernelStart
 .text.osThreadCreate
                0x000000000800176e       0x34 build/cmsis_os.o
                0x000000000800176e                osThreadCreate
 .text.osDelay  0x00000000080017a2       0x12 build/cmsis_os.o
                0x00000000080017a2                osDelay
 .text.osSystickHandler
                0x00000000080017b4       0x12 build/cmsis_os.o
                0x00000000080017b4                osSystickHandler
 *fill*         0x00000000080017c6        0x2 
 .text.prvHeapInit
                0x00000000080017c8       0x64 build/heap_4.o
 .text.prvInsertBlockIntoFreeList
                0x000000000800182c       0x58 build/heap_4.o
 .text.pvPortMalloc
                0x0000000008001884      0x108 build/heap_4.o
                0x0000000008001884                pvPortMalloc
 .text.vPortFree
                0x000000000800198c       0x70 build/heap_4.o
                0x000000000800198c                vPortFree
 .text.prvTaskExitError
                0x00000000080019fc       0x34 build/port.o
 .text.prvPortStartFirstTask
                0x0000000008001a30       0x20 build/port.o
 .text.vPortEnableVFP
                0x0000000008001a50       0x14 build/port.o
 .text.pxPortInitialiseStack
                0x0000000008001a64       0x2c build/port.o
                0x0000000008001a64                pxPortInitialiseStack
 .text.SVC_Handler
                0x0000000008001a90       0x24 build/port.o
                0x0000000008001a90                SVC_Handler
 .text.vPortEnterCritical
                0x0000000008001ab4       0x44 build/port.o
                0x0000000008001ab4                vPortEnterCritical
 .text.vPortExitCritical
                0x0000000008001af8       0x2c build/port.o
                0x0000000008001af8                vPortExitCritical
 *fill*         0x0000000008001b24        0xc 
 .text.PendSV_Handler
                0x0000000008001b30       0x64 build/port.o
                0x0000000008001b30                PendSV_Handler
 .text.xPortSysTickHandler
                0x0000000008001b94       0x2c build/port.o
                0x0000000008001b94                xPortSysTickHandler
 .text.vPortSetupTimerInterrupt
                0x0000000008001bc0       0x2c build/port.o
                0x0000000008001bc0                vPortSetupTimerInterrupt
 .text.xPortStartScheduler
                0x0000000008001bec       0xec build/port.o
                0x0000000008001bec                xPortStartScheduler
 .text.Reset_Handler
                0x0000000008001cd8       0x50 build/startup_stm32f407xx.o
                0x0000000008001cd8                Reset_Handler
 .text.Default_Handler
                0x0000000008001d28        0x2 build/startup_stm32f407xx.o
                0x0000000008001d28                RTC_Alarm_IRQHandler
                0x0000000008001d28                HASH_RNG_IRQHandler
                0x0000000008001d28                EXTI2_IRQHandler
                0x0000000008001d28                TIM8_CC_IRQHandler
                0x0000000008001d28                TIM1_CC_IRQHandler
                0x0000000008001d28                DMA2_Stream5_IRQHandler
                0x0000000008001d28                DMA1_Stream5_IRQHandler
                0x0000000008001d28                PVD_IRQHandler
                0x0000000008001d28                SDIO_IRQHandler
                0x0000000008001d28                TAMP_STAMP_IRQHandler
                0x0000000008001d28                CAN2_RX1_IRQHandler
                0x0000000008001d28                EXTI3_IRQHandler
                0x0000000008001d28                TIM8_TRG_COM_TIM14_IRQHandler
                0x0000000008001d28                TIM1_UP_TIM10_IRQHandler
                0x0000000008001d28                TIM8_UP_TIM13_IRQHandler
                0x0000000008001d28                I2C3_ER_IRQHandler
                0x0000000008001d28                EXTI0_IRQHandler
                0x0000000008001d28                I2C2_EV_IRQHandler
                0x0000000008001d28                DMA1_Stream2_IRQHandler
                0x0000000008001d28                CAN1_RX0_IRQHandler
                0x0000000008001d28                FPU_IRQHandler
                0x0000000008001d28                OTG_HS_WKUP_IRQHandler
                0x0000000008001d28                CAN2_SCE_IRQHandler
                0x0000000008001d28                DMA2_Stream2_IRQHandler
                0x0000000008001d28                SPI1_IRQHandler
                0x0000000008001d28                TIM6_DAC_IRQHandler
                0x0000000008001d28                TIM1_BRK_TIM9_IRQHandler
                0x0000000008001d28                DCMI_IRQHandler
                0x0000000008001d28                CAN2_RX0_IRQHandler
                0x0000000008001d28                DMA2_Stream3_IRQHandler
                0x0000000008001d28                USART6_IRQHandler
                0x0000000008001d28                USART3_IRQHandler
                0x0000000008001d28                CAN1_RX1_IRQHandler
                0x0000000008001d28                UART5_IRQHandler
                0x0000000008001d28                DMA2_Stream0_IRQHandler
                0x0000000008001d28                TIM4_IRQHandler
                0x0000000008001d28                I2C1_EV_IRQHandler
                0x0000000008001d28                DMA1_Stream6_IRQHandler
                0x0000000008001d28                DMA1_Stream1_IRQHandler
                0x0000000008001d28                UART4_IRQHandler
                0x0000000008001d28                TIM3_IRQHandler
                0x0000000008001d28                RCC_IRQHandler
                0x0000000008001d28                TIM8_BRK_TIM12_IRQHandler
                0x0000000008001d28                Default_Handler
                0x0000000008001d28                EXTI15_10_IRQHandler
                0x0000000008001d28                ADC_IRQHandler
                0x0000000008001d28                DMA1_Stream7_IRQHandler
                0x0000000008001d28                TIM7_IRQHandler
                0x0000000008001d28                CAN2_TX_IRQHandler
                0x0000000008001d28                TIM5_IRQHandler
                0x0000000008001d28                DMA2_Stream7_IRQHandler
                0x0000000008001d28                I2C3_EV_IRQHandler
                0x0000000008001d28                EXTI9_5_IRQHandler
                0x0000000008001d28                RTC_WKUP_IRQHandler
                0x0000000008001d28                ETH_WKUP_IRQHandler
                0x0000000008001d28                SPI2_IRQHandler
                0x0000000008001d28                OTG_HS_EP1_IN_IRQHandler
                0x0000000008001d28                DMA1_Stream0_IRQHandler
                0x0000000008001d28                CAN1_TX_IRQHandler
                0x0000000008001d28                EXTI4_IRQHandler
                0x0000000008001d28                FSMC_IRQHandler
                0x0000000008001d28                ETH_IRQHandler
                0x0000000008001d28                OTG_HS_EP1_OUT_IRQHandler
                0x0000000008001d28                WWDG_IRQHandler
                0x0000000008001d28                TIM2_IRQHandler
                0x0000000008001d28                OTG_FS_WKUP_IRQHandler
                0x0000000008001d28                TIM1_TRG_COM_TIM11_IRQHandler
                0x0000000008001d28                OTG_HS_IRQHandler
                0x0000000008001d28                EXTI1_IRQHandler
                0x0000000008001d28                USART2_IRQHandler
                0x0000000008001d28                I2C2_ER_IRQHandler
                0x0000000008001d28                DMA2_Stream1_IRQHandler
                0x0000000008001d28                CAN1_SCE_IRQHandler
                0x0000000008001d28                FLASH_IRQHandler
                0x0000000008001d28                DMA2_Stream4_IRQHandler
                0x0000000008001d28                USART1_IRQHandler
                0x0000000008001d28                OTG_FS_IRQHandler
                0x0000000008001d28                SPI3_IRQHandler
                0x0000000008001d28                DMA1_Stream4_IRQHandler
                0x0000000008001d28                I2C1_ER_IRQHandler
                0x0000000008001d28                DMA2_Stream6_IRQHandler
                0x0000000008001d28                DMA1_Stream3_IRQHandler
 *fill*         0x0000000008001d2a        0x2 
 .text.__libc_init_array
                0x0000000008001d2c       0x48 /home/faoziaziz/Installer/gcc-arm-none-eabi-8-2018-q4-major-linux/gcc-arm-none-eabi-8-2018-q4-major/bin/../lib/gcc/arm-none-eabi/8.2.1/../../../../arm-none-eabi/lib/thumb/v7e-m+fp/hard/libc_nano.a(lib_a-init.o)
                0x0000000008001d2c                __libc_init_array
 .text.memset   0x0000000008001d74       0x10 /home/faoziaziz/Installer/gcc-arm-none-eabi-8-2018-q4-major-linux/gcc-arm-none-eabi-8-2018-q4-major/bin/../lib/gcc/arm-none-eabi/8.2.1/../../../../arm-none-eabi/lib/thumb/v7e-m+fp/hard/libc_nano.a(lib_a-memset.o)
                0x0000000008001d74                memset
 *(.glue_7)
 .glue_7        0x0000000008001d84        0x0 linker stubs
 *(.glue_7t)
 .glue_7t       0x0000000008001d84        0x0 linker stubs
 *(.eh_frame)
 .eh_frame      0x0000000008001d84        0x0 /home/faoziaziz/Installer/gcc-arm-none-eabi-8-2018-q4-major-linux/gcc-arm-none-eabi-8-2018-q4-major/bin/../lib/gcc/arm-none-eabi/8.2.1/thumb/v7e-m+fp/hard/crtbegin.o
 *(.init)
 .init          0x0000000008001d84        0x4 /home/faoziaziz/Installer/gcc-arm-none-eabi-8-2018-q4-major-linux/gcc-arm-none-eabi-8-2018-q4-major/bin/../lib/gcc/arm-none-eabi/8.2.1/thumb/v7e-m+fp/hard/crti.o
                0x0000000008001d84                _init
 .init          0x0000000008001d88        0x8 /home/faoziaziz/Installer/gcc-arm-none-eabi-8-2018-q4-major-linux/gcc-arm-none-eabi-8-2018-q4-major/bin/../lib/gcc/arm-none-eabi/8.2.1/thumb/v7e-m+fp/hard/crtn.o
 *(.fini)
 .fini          0x0000000008001d90        0x4 /home/faoziaziz/Installer/gcc-arm-none-eabi-8-2018-q4-major-linux/gcc-arm-none-eabi-8-2018-q4-major/bin/../lib/gcc/arm-none-eabi/8.2.1/thumb/v7e-m+fp/hard/crti.o
                0x0000000008001d90                _fini
 .fini          0x0000000008001d94        0x8 /home/faoziaziz/Installer/gcc-arm-none-eabi-8-2018-q4-major-linux/gcc-arm-none-eabi-8-2018-q4-major/bin/../lib/gcc/arm-none-eabi/8.2.1/thumb/v7e-m+fp/hard/crtn.o
                0x0000000008001d9c                . = ALIGN (0x4)
                0x0000000008001d9c                _etext = .

.vfp11_veneer   0x0000000008001d9c        0x0
 .vfp11_veneer  0x0000000008001d9c        0x0 linker stubs

.v4_bx          0x0000000008001d9c        0x0
 .v4_bx         0x0000000008001d9c        0x0 linker stubs

.iplt           0x0000000008001d9c        0x0
 .iplt          0x0000000008001d9c        0x0 /home/faoziaziz/Installer/gcc-arm-none-eabi-8-2018-q4-major-linux/gcc-arm-none-eabi-8-2018-q4-major/bin/../lib/gcc/arm-none-eabi/8.2.1/thumb/v7e-m+fp/hard/crtbegin.o

.rodata         0x0000000008001d9c       0x58
                0x0000000008001d9c                . = ALIGN (0x4)
 *(.rodata)
 .rodata        0x0000000008001d9c       0x28 build/main.o
 *(.rodata*)
 .rodata.str1.4
                0x0000000008001dc4       0x18 build/main.o
 .rodata.AHBPrescTable
                0x0000000008001ddc       0x10 build/system_stm32f4xx.o
                0x0000000008001ddc                AHBPrescTable
 .rodata.vTaskStartScheduler.str1.4
                0x0000000008001dec        0x8 build/tasks.o
                                          0x5 (size before relaxing)
                0x0000000008001df4                . = ALIGN (0x4)

.ARM.extab
 *(.ARM.extab* .gnu.linkonce.armextab.*)

.ARM            0x0000000008001df4        0x8
                0x0000000008001df4                __exidx_start = .
 *(.ARM.exidx*)
 .ARM.exidx     0x0000000008001df4        0x8 /home/faoziaziz/Installer/gcc-arm-none-eabi-8-2018-q4-major-linux/gcc-arm-none-eabi-8-2018-q4-major/bin/../lib/gcc/arm-none-eabi/8.2.1/thumb/v7e-m+fp/hard/libgcc.a(_udivmoddi4.o)
                0x0000000008001dfc                __exidx_end = .

.rel.dyn        0x0000000008001dfc        0x0
 .rel.iplt      0x0000000008001dfc        0x0 /home/faoziaziz/Installer/gcc-arm-none-eabi-8-2018-q4-major-linux/gcc-arm-none-eabi-8-2018-q4-major/bin/../lib/gcc/arm-none-eabi/8.2.1/thumb/v7e-m+fp/hard/crtbegin.o

.preinit_array  0x0000000008001dfc        0x0
                0x0000000008001dfc                PROVIDE (__preinit_array_start = .)
 *(.preinit_array*)
                0x0000000008001dfc                PROVIDE (__preinit_array_end = .)

.init_array     0x0000000008001dfc        0x4
                0x0000000008001dfc                PROVIDE (__init_array_start = .)
 *(SORT_BY_NAME(.init_array.*))
 *(.init_array*)
 .init_array    0x0000000008001dfc        0x4 /home/faoziaziz/Installer/gcc-arm-none-eabi-8-2018-q4-major-linux/gcc-arm-none-eabi-8-2018-q4-major/bin/../lib/gcc/arm-none-eabi/8.2.1/thumb/v7e-m+fp/hard/crtbegin.o
                0x0000000008001e00                PROVIDE (__init_array_end = .)

.fini_array     0x0000000008001e00        0x4
                [!provide]                        PROVIDE (__fini_array_start = .)
 *(SORT_BY_NAME(.fini_array.*))
 *(.fini_array*)
 .fini_array    0x0000000008001e00        0x4 /home/faoziaziz/Installer/gcc-arm-none-eabi-8-2018-q4-major-linux/gcc-arm-none-eabi-8-2018-q4-major/bin/../lib/gcc/arm-none-eabi/8.2.1/thumb/v7e-m+fp/hard/crtbegin.o
                [!provide]                        PROVIDE (__fini_array_end = .)
                0x0000000008001e04                _sidata = LOADADDR (.data)

.data           0x0000000020000000       0x10 load address 0x0000000008001e04
                0x0000000020000000                . = ALIGN (0x4)
                0x0000000020000000                _sdata = .
 *(.data)
 *(.data*)
 .data.uwTickFreq
                0x0000000020000000        0x1 build/stm32f4xx_hal.o
                0x0000000020000000                uwTickFreq
 *fill*         0x0000000020000001        0x3 
 .data.uwTickPrio
                0x0000000020000004        0x4 build/stm32f4xx_hal.o
                0x0000000020000004                uwTickPrio
 .data.SystemCoreClock
                0x0000000020000008        0x4 build/system_stm32f4xx.o
                0x0000000020000008                SystemCoreClock
 .data.uxCriticalNesting
                0x000000002000000c        0x4 build/port.o
                0x0000000020000010                . = ALIGN (0x4)
                0x0000000020000010                _edata = .
                0x0000000008001e14                _siccmram = LOADADDR (.ccmram)

.igot.plt       0x0000000020000010        0x0 load address 0x0000000008001e14
 .igot.plt      0x0000000020000010        0x0 /home/faoziaziz/Installer/gcc-arm-none-eabi-8-2018-q4-major-linux/gcc-arm-none-eabi-8-2018-q4-major/bin/../lib/gcc/arm-none-eabi/8.2.1/thumb/v7e-m+fp/hard/crtbegin.o

.ccmram         0x0000000010000000        0x0 load address 0x0000000008001e14
                0x0000000010000000                . = ALIGN (0x4)
                0x0000000010000000                _sccmram = .
 *(.ccmram)
 *(.ccmram*)
                0x0000000010000000                . = ALIGN (0x4)
                0x0000000010000000                _eccmram = .
                0x0000000010000000                . = ALIGN (0x4)

.bss            0x0000000020000010     0x3d74
                0x0000000020000010                _sbss = .
                0x0000000020000010                __bss_start__ = _sbss
 *(.bss)
 .bss           0x0000000020000010       0x1c /home/faoziaziz/Installer/gcc-arm-none-eabi-8-2018-q4-major-linux/gcc-arm-none-eabi-8-2018-q4-major/bin/../lib/gcc/arm-none-eabi/8.2.1/thumb/v7e-m+fp/hard/crtbegin.o
 *(.bss*)
 .bss.pxCurrentTCB
                0x000000002000002c        0x4 build/tasks.o
                0x000000002000002c                pxCurrentTCB
 .bss.pxDelayedTaskList
                0x0000000020000030        0x4 build/tasks.o
 .bss.pxOverflowDelayedTaskList
                0x0000000020000034        0x4 build/tasks.o
 .bss.pxReadyTasksLists
                0x0000000020000038       0x8c build/tasks.o
 .bss.uxCurrentNumberOfTasks
                0x00000000200000c4        0x4 build/tasks.o
 .bss.uxDeletedTasksWaitingCleanUp
                0x00000000200000c8        0x4 build/tasks.o
 .bss.uxPendedTicks
                0x00000000200000cc        0x4 build/tasks.o
 .bss.uxSchedulerSuspended
                0x00000000200000d0        0x4 build/tasks.o
 .bss.uxTaskNumber
                0x00000000200000d4        0x4 build/tasks.o
 .bss.uxTopReadyPriority
                0x00000000200000d8        0x4 build/tasks.o
 .bss.xDelayedTaskList1
                0x00000000200000dc       0x14 build/tasks.o
 .bss.xDelayedTaskList2
                0x00000000200000f0       0x14 build/tasks.o
 .bss.xIdleTaskHandle
                0x0000000020000104        0x4 build/tasks.o
 .bss.xNextTaskUnblockTime
                0x0000000020000108        0x4 build/tasks.o
 .bss.xNumOfOverflows
                0x000000002000010c        0x4 build/tasks.o
 .bss.xPendingReadyList
                0x0000000020000110       0x14 build/tasks.o
 .bss.xSchedulerRunning
                0x0000000020000124        0x4 build/tasks.o
 .bss.xSuspendedTaskList
                0x0000000020000128       0x14 build/tasks.o
 .bss.xTasksWaitingTermination
                0x000000002000013c       0x14 build/tasks.o
 .bss.xTickCount
                0x0000000020000150        0x4 build/tasks.o
 .bss.xYieldPending
                0x0000000020000154        0x4 build/tasks.o
 .bss.pxEnd     0x0000000020000158        0x4 build/heap_4.o
 .bss.ucHeap    0x000000002000015c     0x3c00 build/heap_4.o
 .bss.xBlockAllocatedBit
                0x0000000020003d5c        0x4 build/heap_4.o
 .bss.xFreeBytesRemaining
                0x0000000020003d60        0x4 build/heap_4.o
 .bss.xMinimumEverFreeBytesRemaining
                0x0000000020003d64        0x4 build/heap_4.o
 .bss.xStart    0x0000000020003d68        0x8 build/heap_4.o
 .bss.ucMaxSysCallPriority
                0x0000000020003d70        0x1 build/port.o
 *fill*         0x0000000020003d71        0x3 
 .bss.ulMaxPRIGROUPValue
                0x0000000020003d74        0x4 build/port.o
 *(COMMON)
 COMMON         0x0000000020003d78        0x8 build/main.o
                0x0000000020003d78                defaultTaskHandle
                0x0000000020003d7c                myTask02Handle
 COMMON         0x0000000020003d80        0x4 build/stm32f4xx_hal.o
                0x0000000020003d80                uwTick
                0x0000000020003d84                . = ALIGN (0x4)
                0x0000000020003d84                _ebss = .
                0x0000000020003d84                __bss_end__ = _ebss

._user_heap_stack
                0x0000000020003d84      0x604
                0x0000000020003d88                . = ALIGN (0x8)
 *fill*         0x0000000020003d84        0x4 
                [!provide]                        PROVIDE (end = .)
                [!provide]                        PROVIDE (_end = .)
                0x0000000020003f88                . = (. + _Min_Heap_Size)
 *fill*         0x0000000020003d88      0x200 
                0x0000000020004388                . = (. + _Min_Stack_Size)
 *fill*         0x0000000020003f88      0x400 
                0x0000000020004388                . = ALIGN (0x8)

/DISCARD/
 libc.a(*)
 libm.a(*)
 libgcc.a(*)

.ARM.attributes
                0x0000000000000000       0x30
 *(.ARM.attributes)
 .ARM.attributes
                0x0000000000000000       0x1e /home/faoziaziz/Installer/gcc-arm-none-eabi-8-2018-q4-major-linux/gcc-arm-none-eabi-8-2018-q4-major/bin/../lib/gcc/arm-none-eabi/8.2.1/thumb/v7e-m+fp/hard/crti.o
 .ARM.attributes
                0x000000000000001e       0x34 /home/faoziaziz/Installer/gcc-arm-none-eabi-8-2018-q4-major-linux/gcc-arm-none-eabi-8-2018-q4-major/bin/../lib/gcc/arm-none-eabi/8.2.1/thumb/v7e-m+fp/hard/crtbegin.o
 .ARM.attributes
                0x0000000000000052       0x34 build/main.o
 .ARM.attributes
                0x0000000000000086       0x34 build/stm32f4xx_it.o
 .ARM.attributes
                0x00000000000000ba       0x34 build/stm32f4xx_hal_msp.o
 .ARM.attributes
                0x00000000000000ee       0x34 build/stm32f4xx_hal_rcc.o
 .ARM.attributes
                0x0000000000000122       0x34 build/stm32f4xx_hal_gpio.o
 .ARM.attributes
                0x0000000000000156       0x34 build/stm32f4xx_hal_cortex.o
 .ARM.attributes
                0x000000000000018a       0x34 build/stm32f4xx_hal.o
 .ARM.attributes
                0x00000000000001be       0x34 build/system_stm32f4xx.o
 .ARM.attributes
                0x00000000000001f2       0x34 build/list.o
 .ARM.attributes
                0x0000000000000226       0x34 build/tasks.o
 .ARM.attributes
                0x000000000000025a       0x34 build/cmsis_os.o
 .ARM.attributes
                0x000000000000028e       0x34 build/heap_4.o
 .ARM.attributes
                0x00000000000002c2       0x34 build/port.o
 .ARM.attributes
                0x00000000000002f6       0x21 build/startup_stm32f407xx.o
 .ARM.attributes
                0x0000000000000317       0x34 /home/faoziaziz/Installer/gcc-arm-none-eabi-8-2018-q4-major-linux/gcc-arm-none-eabi-8-2018-q4-major/bin/../lib/gcc/arm-none-eabi/8.2.1/../../../../arm-none-eabi/lib/thumb/v7e-m+fp/hard/libc_nano.a(lib_a-init.o)
 .ARM.attributes
                0x000000000000034b       0x34 /home/faoziaziz/Installer/gcc-arm-none-eabi-8-2018-q4-major-linux/gcc-arm-none-eabi-8-2018-q4-major/bin/../lib/gcc/arm-none-eabi/8.2.1/../../../../arm-none-eabi/lib/thumb/v7e-m+fp/hard/libc_nano.a(lib_a-memset.o)
 .ARM.attributes
                0x000000000000037f       0x1e /home/faoziaziz/Installer/gcc-arm-none-eabi-8-2018-q4-major-linux/gcc-arm-none-eabi-8-2018-q4-major/bin/../lib/gcc/arm-none-eabi/8.2.1/thumb/v7e-m+fp/hard/libgcc.a(_aeabi_uldivmod.o)
 .ARM.attributes
                0x000000000000039d       0x34 /home/faoziaziz/Installer/gcc-arm-none-eabi-8-2018-q4-major-linux/gcc-arm-none-eabi-8-2018-q4-major/bin/../lib/gcc/arm-none-eabi/8.2.1/thumb/v7e-m+fp/hard/libgcc.a(_udivmoddi4.o)
 .ARM.attributes
                0x00000000000003d1       0x1e /home/faoziaziz/Installer/gcc-arm-none-eabi-8-2018-q4-major-linux/gcc-arm-none-eabi-8-2018-q4-major/bin/../lib/gcc/arm-none-eabi/8.2.1/thumb/v7e-m+fp/hard/libgcc.a(_dvmd_tls.o)
 .ARM.attributes
                0x00000000000003ef       0x1e /home/faoziaziz/Installer/gcc-arm-none-eabi-8-2018-q4-major-linux/gcc-arm-none-eabi-8-2018-q4-major/bin/../lib/gcc/arm-none-eabi/8.2.1/thumb/v7e-m+fp/hard/crtn.o
OUTPUT(build/Sikudang.elf elf32-littlearm)

.debug_info     0x0000000000000000    0x10ff1
 .debug_info    0x0000000000000000     0x1412 build/main.o
 .debug_info    0x0000000000001412      0xb7d build/stm32f4xx_it.o
 .debug_info    0x0000000000001f8f      0xf60 build/stm32f4xx_hal_msp.o
 .debug_info    0x0000000000002eef     0x155b build/stm32f4xx_hal_rcc.o
 .debug_info    0x000000000000444a     0x123b build/stm32f4xx_hal_gpio.o
 .debug_info    0x0000000000005685     0x1b69 build/stm32f4xx_hal_cortex.o
 .debug_info    0x00000000000071ee     0x1492 build/stm32f4xx_hal.o
 .debug_info    0x0000000000008680      0xf61 build/system_stm32f4xx.o
 .debug_info    0x00000000000095e1      0xc99 build/list.o
 .debug_info    0x000000000000a27a     0x300e build/tasks.o
 .debug_info    0x000000000000d288     0x28ce build/cmsis_os.o
 .debug_info    0x000000000000fb56      0xe81 build/heap_4.o
 .debug_info    0x00000000000109d7      0x5f8 build/port.o
 .debug_info    0x0000000000010fcf       0x22 build/startup_stm32f407xx.o

.debug_abbrev   0x0000000000000000     0x2862
 .debug_abbrev  0x0000000000000000      0x321 build/main.o
 .debug_abbrev  0x0000000000000321      0x205 build/stm32f4xx_it.o
 .debug_abbrev  0x0000000000000526      0x235 build/stm32f4xx_hal_msp.o
 .debug_abbrev  0x000000000000075b      0x37f build/stm32f4xx_hal_rcc.o
 .debug_abbrev  0x0000000000000ada      0x30a build/stm32f4xx_hal_gpio.o
 .debug_abbrev  0x0000000000000de4      0x462 build/stm32f4xx_hal_cortex.o
 .debug_abbrev  0x0000000000001246      0x325 build/stm32f4xx_hal.o
 .debug_abbrev  0x000000000000156b      0x21a build/system_stm32f4xx.o
 .debug_abbrev  0x0000000000001785      0x23e build/list.o
 .debug_abbrev  0x00000000000019c3      0x464 build/tasks.o
 .debug_abbrev  0x0000000000001e27      0x455 build/cmsis_os.o
 .debug_abbrev  0x000000000000227c      0x376 build/heap_4.o
 .debug_abbrev  0x00000000000025f2      0x25e build/port.o
 .debug_abbrev  0x0000000000002850       0x12 build/startup_stm32f407xx.o

.debug_loc      0x0000000000000000     0x54f4
 .debug_loc     0x0000000000000000      0x127 build/main.o
 .debug_loc     0x0000000000000127       0x20 build/stm32f4xx_it.o
 .debug_loc     0x0000000000000147       0x38 build/stm32f4xx_hal_msp.o
 .debug_loc     0x000000000000017f      0x68d build/stm32f4xx_hal_rcc.o
 .debug_loc     0x000000000000080c      0x5ca build/stm32f4xx_hal_gpio.o
 .debug_loc     0x0000000000000dd6      0x790 build/stm32f4xx_hal_cortex.o
 .debug_loc     0x0000000000001566      0x1cc build/stm32f4xx_hal.o
 .debug_loc     0x0000000000001732      0x16c build/system_stm32f4xx.o
 .debug_loc     0x000000000000189e       0xbf build/list.o
 .debug_loc     0x000000000000195d     0x1e01 build/tasks.o
 .debug_loc     0x000000000000375e     0x1866 build/cmsis_os.o
 .debug_loc     0x0000000000004fc4      0x3a8 build/heap_4.o
 .debug_loc     0x000000000000536c      0x188 build/port.o

.debug_aranges  0x0000000000000000      0x7e8
 .debug_aranges
                0x0000000000000000       0x48 build/main.o
 .debug_aranges
                0x0000000000000048       0x50 build/stm32f4xx_it.o
 .debug_aranges
                0x0000000000000098       0x20 build/stm32f4xx_hal_msp.o
 .debug_aranges
                0x00000000000000b8       0x88 build/stm32f4xx_hal_rcc.o
 .debug_aranges
                0x0000000000000140       0x58 build/stm32f4xx_hal_gpio.o
 .debug_aranges
                0x0000000000000198       0xa8 build/stm32f4xx_hal_cortex.o
 .debug_aranges
                0x0000000000000240       0xe0 build/stm32f4xx_hal.o
 .debug_aranges
                0x0000000000000320       0x28 build/system_stm32f4xx.o
 .debug_aranges
                0x0000000000000348       0x40 build/list.o
 .debug_aranges
                0x0000000000000388      0x190 build/tasks.o
 .debug_aranges
                0x0000000000000518      0x1d8 build/cmsis_os.o
 .debug_aranges
                0x00000000000006f0       0x50 build/heap_4.o
 .debug_aranges
                0x0000000000000740       0x80 build/port.o
 .debug_aranges
                0x00000000000007c0       0x28 build/startup_stm32f407xx.o

.debug_ranges   0x0000000000000000      0x830
 .debug_ranges  0x0000000000000000       0x38 build/main.o
 .debug_ranges  0x0000000000000038       0x40 build/stm32f4xx_it.o
 .debug_ranges  0x0000000000000078       0x10 build/stm32f4xx_hal_msp.o
 .debug_ranges  0x0000000000000088       0x90 build/stm32f4xx_hal_rcc.o
 .debug_ranges  0x0000000000000118       0x48 build/stm32f4xx_hal_gpio.o
 .debug_ranges  0x0000000000000160       0xe0 build/stm32f4xx_hal_cortex.o
 .debug_ranges  0x0000000000000240       0xd0 build/stm32f4xx_hal.o
 .debug_ranges  0x0000000000000310       0x18 build/system_stm32f4xx.o
 .debug_ranges  0x0000000000000328       0x30 build/list.o
 .debug_ranges  0x0000000000000358      0x228 build/tasks.o
 .debug_ranges  0x0000000000000580      0x1c8 build/cmsis_os.o
 .debug_ranges  0x0000000000000748       0x40 build/heap_4.o
 .debug_ranges  0x0000000000000788       0x88 build/port.o
 .debug_ranges  0x0000000000000810       0x20 build/startup_stm32f407xx.o

.debug_line     0x0000000000000000     0x789f
 .debug_line    0x0000000000000000      0x529 build/main.o
 .debug_line    0x0000000000000529      0x39a build/stm32f4xx_it.o
 .debug_line    0x00000000000008c3      0x2e1 build/stm32f4xx_hal_msp.o
 .debug_line    0x0000000000000ba4      0xbb1 build/stm32f4xx_hal_rcc.o
 .debug_line    0x0000000000001755      0x7e8 build/stm32f4xx_hal_gpio.o
 .debug_line    0x0000000000001f3d      0x838 build/stm32f4xx_hal_cortex.o
 .debug_line    0x0000000000002775      0x64e build/stm32f4xx_hal.o
 .debug_line    0x0000000000002dc3      0x39c build/system_stm32f4xx.o
 .debug_line    0x000000000000315f      0x50a build/list.o
 .debug_line    0x0000000000003669     0x210b build/tasks.o
 .debug_line    0x0000000000005774     0x129e build/cmsis_os.o
 .debug_line    0x0000000000006a12      0x796 build/heap_4.o
 .debug_line    0x00000000000071a8      0x683 build/port.o
 .debug_line    0x000000000000782b       0x74 build/startup_stm32f407xx.o

.debug_str      0x0000000000000000     0x31c5
 .debug_str     0x0000000000000000      0xa71 build/main.o
                                        0xb0f (size before relaxing)
 .debug_str     0x0000000000000a71       0xa5 build/stm32f4xx_it.o
                                        0x674 (size before relaxing)
 .debug_str     0x0000000000000b16      0x527 build/stm32f4xx_hal_msp.o
                                        0xbf9 (size before relaxing)
 .debug_str     0x000000000000103d      0x1fd build/stm32f4xx_hal_rcc.o
                                        0xae1 (size before relaxing)
 .debug_str     0x000000000000123a      0x122 build/stm32f4xx_hal_gpio.o
                                        0x90e (size before relaxing)
 .debug_str     0x000000000000135c      0x404 build/stm32f4xx_hal_cortex.o
                                       0x1038 (size before relaxing)
 .debug_str     0x0000000000001760      0x277 build/stm32f4xx_hal.o
                                        0xf61 (size before relaxing)
 .debug_str     0x00000000000019d7       0x42 build/system_stm32f4xx.o
                                        0x772 (size before relaxing)
 .debug_str     0x0000000000001a19      0x16d build/list.o
                                        0x6fa (size before relaxing)
 .debug_str     0x0000000000001b86      0xb10 build/tasks.o
                                       0x11f5 (size before relaxing)
 .debug_str     0x0000000000002696      0x7b7 build/cmsis_os.o
                                       0x11ad (size before relaxing)
 .debug_str     0x0000000000002e4d      0x1de build/heap_4.o
                                        0x7e3 (size before relaxing)
 .debug_str     0x000000000000302b      0x175 build/port.o
                                        0x469 (size before relaxing)
 .debug_str     0x00000000000031a0       0x25 build/startup_stm32f407xx.o
                                         0x4f (size before relaxing)

.comment        0x0000000000000000       0x75
 .comment       0x0000000000000000       0x75 build/main.o
                                         0x76 (size before relaxing)
 .comment       0x0000000000000075       0x76 build/stm32f4xx_it.o
 .comment       0x0000000000000075       0x76 build/stm32f4xx_hal_msp.o
 .comment       0x0000000000000075       0x76 build/stm32f4xx_hal_rcc.o
 .comment       0x0000000000000075       0x76 build/stm32f4xx_hal_gpio.o
 .comment       0x0000000000000075       0x76 build/stm32f4xx_hal_cortex.o
 .comment       0x0000000000000075       0x76 build/stm32f4xx_hal.o
 .comment       0x0000000000000075       0x76 build/system_stm32f4xx.o
 .comment       0x0000000000000075       0x76 build/list.o
 .comment       0x0000000000000075       0x76 build/tasks.o
 .comment       0x0000000000000075       0x76 build/cmsis_os.o
 .comment       0x0000000000000075       0x76 build/heap_4.o
 .comment       0x0000000000000075       0x76 build/port.o

.debug_frame    0x0000000000000000     0x161c
 .debug_frame   0x0000000000000000       0xbc build/main.o
 .debug_frame   0x00000000000000bc       0x8c build/stm32f4xx_it.o
 .debug_frame   0x0000000000000148       0x2c build/stm32f4xx_hal_msp.o
 .debug_frame   0x0000000000000174      0x1b0 build/stm32f4xx_hal_rcc.o
 .debug_frame   0x0000000000000324       0xec build/stm32f4xx_hal_gpio.o
 .debug_frame   0x0000000000000410      0x16c build/stm32f4xx_hal_cortex.o
 .debug_frame   0x000000000000057c      0x1e0 build/stm32f4xx_hal.o
 .debug_frame   0x000000000000075c       0x30 build/system_stm32f4xx.o
 .debug_frame   0x000000000000078c       0x70 build/list.o
 .debug_frame   0x00000000000007fc      0x58c build/tasks.o
 .debug_frame   0x0000000000000d88      0x62c build/cmsis_os.o
 .debug_frame   0x00000000000013b4       0xbc build/heap_4.o
 .debug_frame   0x0000000000001470      0x100 build/port.o
 .debug_frame   0x0000000000001570       0x2c /home/faoziaziz/Installer/gcc-arm-none-eabi-8-2018-q4-major-linux/gcc-arm-none-eabi-8-2018-q4-major/bin/../lib/gcc/arm-none-eabi/8.2.1/../../../../arm-none-eabi/lib/thumb/v7e-m+fp/hard/libc_nano.a(lib_a-init.o)
 .debug_frame   0x000000000000159c       0x20 /home/faoziaziz/Installer/gcc-arm-none-eabi-8-2018-q4-major-linux/gcc-arm-none-eabi-8-2018-q4-major/bin/../lib/gcc/arm-none-eabi/8.2.1/../../../../arm-none-eabi/lib/thumb/v7e-m+fp/hard/libc_nano.a(lib_a-memset.o)
 .debug_frame   0x00000000000015bc       0x2c /home/faoziaziz/Installer/gcc-arm-none-eabi-8-2018-q4-major-linux/gcc-arm-none-eabi-8-2018-q4-major/bin/../lib/gcc/arm-none-eabi/8.2.1/thumb/v7e-m+fp/hard/libgcc.a(_aeabi_uldivmod.o)
 .debug_frame   0x00000000000015e8       0x34 /home/faoziaziz/Installer/gcc-arm-none-eabi-8-2018-q4-major-linux/gcc-arm-none-eabi-8-2018-q4-major/bin/../lib/gcc/arm-none-eabi/8.2.1/thumb/v7e-m+fp/hard/libgcc.a(_udivmoddi4.o)

Cross Reference Table

Symbol                                            File
ADC_IRQHandler                                    build/startup_stm32f407xx.o
AHBPrescTable                                     build/system_stm32f4xx.o
                                                  build/stm32f4xx_hal_rcc.o
APBPrescTable                                     build/system_stm32f4xx.o
                                                  build/stm32f4xx_hal_rcc.o
BusFault_Handler                                  build/stm32f4xx_it.o
CAN1_RX0_IRQHandler                               build/startup_stm32f407xx.o
CAN1_RX1_IRQHandler                               build/startup_stm32f407xx.o
CAN1_SCE_IRQHandler                               build/startup_stm32f407xx.o
CAN1_TX_IRQHandler                                build/startup_stm32f407xx.o
CAN2_RX0_IRQHandler                               build/startup_stm32f407xx.o
CAN2_RX1_IRQHandler                               build/startup_stm32f407xx.o
CAN2_SCE_IRQHandler                               build/startup_stm32f407xx.o
CAN2_TX_IRQHandler                                build/startup_stm32f407xx.o
DCMI_IRQHandler                                   build/startup_stm32f407xx.o
DMA1_Stream0_IRQHandler                           build/startup_stm32f407xx.o
DMA1_Stream1_IRQHandler                           build/startup_stm32f407xx.o
DMA1_Stream2_IRQHandler                           build/startup_stm32f407xx.o
DMA1_Stream3_IRQHandler                           build/startup_stm32f407xx.o
DMA1_Stream4_IRQHandler                           build/startup_stm32f407xx.o
DMA1_Stream5_IRQHandler                           build/startup_stm32f407xx.o
DMA1_Stream6_IRQHandler                           build/startup_stm32f407xx.o
DMA1_Stream7_IRQHandler                           build/startup_stm32f407xx.o
DMA2_Stream0_IRQHandler                           build/startup_stm32f407xx.o
DMA2_Stream1_IRQHandler                           build/startup_stm32f407xx.o
DMA2_Stream2_IRQHandler                           build/startup_stm32f407xx.o
DMA2_Stream3_IRQHandler                           build/startup_stm32f407xx.o
DMA2_Stream4_IRQHandler                           build/startup_stm32f407xx.o
DMA2_Stream5_IRQHandler                           build/startup_stm32f407xx.o
DMA2_Stream6_IRQHandler                           build/startup_stm32f407xx.o
DMA2_Stream7_IRQHandler                           build/startup_stm32f407xx.o
DebugMon_Handler                                  build/stm32f4xx_it.o
Default_Handler                                   build/startup_stm32f407xx.o
ETH_IRQHandler                                    build/startup_stm32f407xx.o
ETH_WKUP_IRQHandler                               build/startup_stm32f407xx.o
EXTI0_IRQHandler                                  build/startup_stm32f407xx.o
EXTI15_10_IRQHandler                              build/startup_stm32f407xx.o
EXTI1_IRQHandler                                  build/startup_stm32f407xx.o
EXTI2_IRQHandler                                  build/startup_stm32f407xx.o
EXTI3_IRQHandler                                  build/startup_stm32f407xx.o
EXTI4_IRQHandler                                  build/startup_stm32f407xx.o
EXTI9_5_IRQHandler                                build/startup_stm32f407xx.o
Error_Handler                                     build/main.o
FLASH_Erase_Sector                                build/stm32f4xx_hal_flash_ex.o
                                                  build/stm32f4xx_hal_flash.o
FLASH_FlushCaches                                 build/stm32f4xx_hal_flash_ex.o
                                                  build/stm32f4xx_hal_flash.o
FLASH_IRQHandler                                  build/startup_stm32f407xx.o
FLASH_WaitForLastOperation                        build/stm32f4xx_hal_flash.o
                                                  build/stm32f4xx_hal_flash_ex.o
FPU_IRQHandler                                    build/startup_stm32f407xx.o
FSMC_IRQHandler                                   build/startup_stm32f407xx.o
HAL_DBGMCU_DisableDBGSleepMode                    build/stm32f4xx_hal.o
HAL_DBGMCU_DisableDBGStandbyMode                  build/stm32f4xx_hal.o
HAL_DBGMCU_DisableDBGStopMode                     build/stm32f4xx_hal.o
HAL_DBGMCU_EnableDBGSleepMode                     build/stm32f4xx_hal.o
HAL_DBGMCU_EnableDBGStandbyMode                   build/stm32f4xx_hal.o
HAL_DBGMCU_EnableDBGStopMode                      build/stm32f4xx_hal.o
HAL_DMAEx_ChangeMemory                            build/stm32f4xx_hal_dma_ex.o
HAL_DMAEx_MultiBufferStart                        build/stm32f4xx_hal_dma_ex.o
HAL_DMAEx_MultiBufferStart_IT                     build/stm32f4xx_hal_dma_ex.o
HAL_DMA_Abort                                     build/stm32f4xx_hal_dma.o
HAL_DMA_Abort_IT                                  build/stm32f4xx_hal_dma.o
HAL_DMA_DeInit                                    build/stm32f4xx_hal_dma.o
HAL_DMA_GetError                                  build/stm32f4xx_hal_dma.o
HAL_DMA_GetState                                  build/stm32f4xx_hal_dma.o
HAL_DMA_IRQHandler                                build/stm32f4xx_hal_dma.o
HAL_DMA_Init                                      build/stm32f4xx_hal_dma.o
HAL_DMA_PollForTransfer                           build/stm32f4xx_hal_dma.o
HAL_DMA_RegisterCallback                          build/stm32f4xx_hal_dma.o
HAL_DMA_Start                                     build/stm32f4xx_hal_dma.o
HAL_DMA_Start_IT                                  build/stm32f4xx_hal_dma.o
HAL_DMA_UnRegisterCallback                        build/stm32f4xx_hal_dma.o
HAL_DeInit                                        build/stm32f4xx_hal.o
HAL_Delay                                         build/stm32f4xx_hal.o
                                                  build/main.o
HAL_DisableCompensationCell                       build/stm32f4xx_hal.o
HAL_EnableCompensationCell                        build/stm32f4xx_hal.o
HAL_FLASHEx_Erase                                 build/stm32f4xx_hal_flash_ex.o
HAL_FLASHEx_Erase_IT                              build/stm32f4xx_hal_flash_ex.o
HAL_FLASHEx_OBGetConfig                           build/stm32f4xx_hal_flash_ex.o
HAL_FLASHEx_OBProgram                             build/stm32f4xx_hal_flash_ex.o
HAL_FLASH_EndOfOperationCallback                  build/stm32f4xx_hal_flash.o
HAL_FLASH_GetError                                build/stm32f4xx_hal_flash.o
HAL_FLASH_IRQHandler                              build/stm32f4xx_hal_flash.o
HAL_FLASH_Lock                                    build/stm32f4xx_hal_flash.o
HAL_FLASH_OB_Launch                               build/stm32f4xx_hal_flash.o
HAL_FLASH_OB_Lock                                 build/stm32f4xx_hal_flash.o
HAL_FLASH_OB_Unlock                               build/stm32f4xx_hal_flash.o
HAL_FLASH_OperationErrorCallback                  build/stm32f4xx_hal_flash.o
HAL_FLASH_Program                                 build/stm32f4xx_hal_flash.o
HAL_FLASH_Program_IT                              build/stm32f4xx_hal_flash.o
HAL_FLASH_Unlock                                  build/stm32f4xx_hal_flash.o
HAL_GPIO_DeInit                                   build/stm32f4xx_hal_gpio.o
HAL_GPIO_EXTI_Callback                            build/stm32f4xx_hal_gpio.o
HAL_GPIO_EXTI_IRQHandler                          build/stm32f4xx_hal_gpio.o
HAL_GPIO_Init                                     build/stm32f4xx_hal_gpio.o
                                                  build/stm32f4xx_hal_rcc.o
                                                  build/main.o
HAL_GPIO_LockPin                                  build/stm32f4xx_hal_gpio.o
HAL_GPIO_ReadPin                                  build/stm32f4xx_hal_gpio.o
HAL_GPIO_TogglePin                                build/stm32f4xx_hal_gpio.o
                                                  build/main.o
HAL_GPIO_WritePin                                 build/stm32f4xx_hal_gpio.o
                                                  build/main.o
HAL_GetDEVID                                      build/stm32f4xx_hal.o
HAL_GetHalVersion                                 build/stm32f4xx_hal.o
HAL_GetREVID                                      build/stm32f4xx_hal.o
HAL_GetTick                                       build/stm32f4xx_hal.o
                                                  build/stm32f4xx_hal_pwr_ex.o
                                                  build/stm32f4xx_hal_dma.o
                                                  build/stm32f4xx_hal_flash.o
                                                  build/stm32f4xx_hal_rcc_ex.o
                                                  build/stm32f4xx_hal_rcc.o
HAL_GetTickFreq                                   build/stm32f4xx_hal.o
HAL_GetTickPrio                                   build/stm32f4xx_hal.o
HAL_GetUID                                        build/stm32f4xx_hal.o
HAL_IncTick                                       build/stm32f4xx_hal.o
                                                  build/stm32f4xx_it.o
HAL_Init                                          build/stm32f4xx_hal.o
                                                  build/main.o
HAL_InitTick                                      build/stm32f4xx_hal.o
                                                  build/stm32f4xx_hal_rcc_ex.o
                                                  build/stm32f4xx_hal_rcc.o
HAL_MPU_ConfigRegion                              build/stm32f4xx_hal_cortex.o
HAL_MPU_Disable                                   build/stm32f4xx_hal_cortex.o
HAL_MPU_Enable                                    build/stm32f4xx_hal_cortex.o
HAL_MspDeInit                                     build/stm32f4xx_hal.o
HAL_MspInit                                       build/stm32f4xx_hal_msp.o
HAL_NVIC_ClearPendingIRQ                          build/stm32f4xx_hal_cortex.o
HAL_NVIC_DisableIRQ                               build/stm32f4xx_hal_cortex.o
HAL_NVIC_EnableIRQ                                build/stm32f4xx_hal_cortex.o
HAL_NVIC_GetActive                                build/stm32f4xx_hal_cortex.o
HAL_NVIC_GetPendingIRQ                            build/stm32f4xx_hal_cortex.o
HAL_NVIC_GetPriority                              build/stm32f4xx_hal_cortex.o
HAL_NVIC_GetPriorityGrouping                      build/stm32f4xx_hal_cortex.o
HAL_NVIC_SetPendingIRQ                            build/stm32f4xx_hal_cortex.o
HAL_NVIC_SetPriority                              build/stm32f4xx_hal_cortex.o
                                                  build/stm32f4xx_hal.o
                                                  build/stm32f4xx_hal_msp.o
HAL_NVIC_SetPriorityGrouping                      build/stm32f4xx_hal_cortex.o
                                                  build/stm32f4xx_hal.o
HAL_NVIC_SystemReset                              build/stm32f4xx_hal_cortex.o
HAL_PWREx_ControlVoltageScaling                   build/stm32f4xx_hal_pwr_ex.o
HAL_PWREx_DisableBkUpReg                          build/stm32f4xx_hal_pwr_ex.o
HAL_PWREx_DisableFlashPowerDown                   build/stm32f4xx_hal_pwr_ex.o
HAL_PWREx_EnableBkUpReg                           build/stm32f4xx_hal_pwr_ex.o
HAL_PWREx_EnableFlashPowerDown                    build/stm32f4xx_hal_pwr_ex.o
HAL_PWREx_GetVoltageRange                         build/stm32f4xx_hal_pwr_ex.o
HAL_PWR_ConfigPVD                                 build/stm32f4xx_hal_pwr.o
HAL_PWR_DeInit                                    build/stm32f4xx_hal_pwr.o
HAL_PWR_DisableBkUpAccess                         build/stm32f4xx_hal_pwr.o
HAL_PWR_DisablePVD                                build/stm32f4xx_hal_pwr.o
HAL_PWR_DisableSEVOnPend                          build/stm32f4xx_hal_pwr.o
HAL_PWR_DisableSleepOnExit                        build/stm32f4xx_hal_pwr.o
HAL_PWR_DisableWakeUpPin                          build/stm32f4xx_hal_pwr.o
HAL_PWR_EnableBkUpAccess                          build/stm32f4xx_hal_pwr.o
HAL_PWR_EnablePVD                                 build/stm32f4xx_hal_pwr.o
HAL_PWR_EnableSEVOnPend                           build/stm32f4xx_hal_pwr.o
HAL_PWR_EnableSleepOnExit                         build/stm32f4xx_hal_pwr.o
HAL_PWR_EnableWakeUpPin                           build/stm32f4xx_hal_pwr.o
HAL_PWR_EnterSLEEPMode                            build/stm32f4xx_hal_pwr.o
HAL_PWR_EnterSTANDBYMode                          build/stm32f4xx_hal_pwr.o
HAL_PWR_EnterSTOPMode                             build/stm32f4xx_hal_pwr.o
HAL_PWR_PVDCallback                               build/stm32f4xx_hal_pwr.o
HAL_PWR_PVD_IRQHandler                            build/stm32f4xx_hal_pwr.o
HAL_RCCEx_DisablePLLI2S                           build/stm32f4xx_hal_rcc_ex.o
HAL_RCCEx_EnablePLLI2S                            build/stm32f4xx_hal_rcc_ex.o
HAL_RCCEx_GetPeriphCLKConfig                      build/stm32f4xx_hal_rcc_ex.o
HAL_RCCEx_GetPeriphCLKFreq                        build/stm32f4xx_hal_rcc_ex.o
HAL_RCCEx_PeriphCLKConfig                         build/stm32f4xx_hal_rcc_ex.o
HAL_RCC_CSSCallback                               build/stm32f4xx_hal_rcc.o
HAL_RCC_ClockConfig                               build/stm32f4xx_hal_rcc.o
                                                  build/main.o
HAL_RCC_DeInit                                    build/stm32f4xx_hal_rcc_ex.o
                                                  build/stm32f4xx_hal_rcc.o
HAL_RCC_DisableCSS                                build/stm32f4xx_hal_rcc.o
HAL_RCC_EnableCSS                                 build/stm32f4xx_hal_rcc.o
HAL_RCC_GetClockConfig                            build/stm32f4xx_hal_rcc.o
HAL_RCC_GetHCLKFreq                               build/stm32f4xx_hal_rcc.o
HAL_RCC_GetOscConfig                              build/stm32f4xx_hal_rcc.o
HAL_RCC_GetPCLK1Freq                              build/stm32f4xx_hal_rcc.o
HAL_RCC_GetPCLK2Freq                              build/stm32f4xx_hal_rcc.o
HAL_RCC_GetSysClockFreq                           build/stm32f4xx_hal_rcc.o
HAL_RCC_MCOConfig                                 build/stm32f4xx_hal_rcc.o
HAL_RCC_NMI_IRQHandler                            build/stm32f4xx_hal_rcc.o
HAL_RCC_OscConfig                                 build/stm32f4xx_hal_rcc.o
                                                  build/main.o
HAL_ResumeTick                                    build/stm32f4xx_hal.o
HAL_SYSTICK_CLKSourceConfig                       build/stm32f4xx_hal_cortex.o
HAL_SYSTICK_Callback                              build/stm32f4xx_hal_cortex.o
HAL_SYSTICK_Config                                build/stm32f4xx_hal_cortex.o
                                                  build/stm32f4xx_hal.o
HAL_SYSTICK_IRQHandler                            build/stm32f4xx_hal_cortex.o
HAL_SetTickFreq                                   build/stm32f4xx_hal.o
HAL_SuspendTick                                   build/stm32f4xx_hal.o
HASH_RNG_IRQHandler                               build/startup_stm32f407xx.o
HardFault_Handler                                 build/stm32f4xx_it.o
I2C1_ER_IRQHandler                                build/startup_stm32f407xx.o
I2C1_EV_IRQHandler                                build/startup_stm32f407xx.o
I2C2_ER_IRQHandler                                build/startup_stm32f407xx.o
I2C2_EV_IRQHandler                                build/startup_stm32f407xx.o
I2C3_ER_IRQHandler                                build/startup_stm32f407xx.o
I2C3_EV_IRQHandler                                build/startup_stm32f407xx.o
MemManage_Handler                                 build/stm32f4xx_it.o
NMI_Handler                                       build/stm32f4xx_it.o
OTG_FS_IRQHandler                                 build/startup_stm32f407xx.o
OTG_FS_WKUP_IRQHandler                            build/startup_stm32f407xx.o
OTG_HS_EP1_IN_IRQHandler                          build/startup_stm32f407xx.o
OTG_HS_EP1_OUT_IRQHandler                         build/startup_stm32f407xx.o
OTG_HS_IRQHandler                                 build/startup_stm32f407xx.o
OTG_HS_WKUP_IRQHandler                            build/startup_stm32f407xx.o
PVD_IRQHandler                                    build/startup_stm32f407xx.o
PendSV_Handler                                    build/port.o
RCC_IRQHandler                                    build/startup_stm32f407xx.o
RTC_Alarm_IRQHandler                              build/startup_stm32f407xx.o
RTC_WKUP_IRQHandler                               build/startup_stm32f407xx.o
Reset_Handler                                     build/startup_stm32f407xx.o
SDIO_IRQHandler                                   build/startup_stm32f407xx.o
SPI1_IRQHandler                                   build/startup_stm32f407xx.o
SPI2_IRQHandler                                   build/startup_stm32f407xx.o
SPI3_IRQHandler                                   build/startup_stm32f407xx.o
SVC_Handler                                       build/port.o
StartDefaultTask                                  build/main.o
StartTask02                                       build/main.o
SysTick_Handler                                   build/stm32f4xx_it.o
SystemClock_Config                                build/main.o
SystemCoreClock                                   build/system_stm32f4xx.o
                                                  build/port.o
                                                  build/stm32f4xx_hal.o
                                                  build/stm32f4xx_hal_dma.o
                                                  build/stm32f4xx_hal_rcc_ex.o
                                                  build/stm32f4xx_hal_rcc.o
SystemCoreClockUpdate                             build/system_stm32f4xx.o
SystemInit                                        build/system_stm32f4xx.o
                                                  build/startup_stm32f407xx.o
TAMP_STAMP_IRQHandler                             build/startup_stm32f407xx.o
TIM1_BRK_TIM9_IRQHandler                          build/startup_stm32f407xx.o
TIM1_CC_IRQHandler                                build/startup_stm32f407xx.o
TIM1_TRG_COM_TIM11_IRQHandler                     build/startup_stm32f407xx.o
TIM1_UP_TIM10_IRQHandler                          build/startup_stm32f407xx.o
TIM2_IRQHandler                                   build/startup_stm32f407xx.o
TIM3_IRQHandler                                   build/startup_stm32f407xx.o
TIM4_IRQHandler                                   build/startup_stm32f407xx.o
TIM5_IRQHandler                                   build/startup_stm32f407xx.o
TIM6_DAC_IRQHandler                               build/startup_stm32f407xx.o
TIM7_IRQHandler                                   build/startup_stm32f407xx.o
TIM8_BRK_TIM12_IRQHandler                         build/startup_stm32f407xx.o
TIM8_CC_IRQHandler                                build/startup_stm32f407xx.o
TIM8_TRG_COM_TIM14_IRQHandler                     build/startup_stm32f407xx.o
TIM8_UP_TIM13_IRQHandler                          build/startup_stm32f407xx.o
UART4_IRQHandler                                  build/startup_stm32f407xx.o
UART5_IRQHandler                                  build/startup_stm32f407xx.o
USART1_IRQHandler                                 build/startup_stm32f407xx.o
USART2_IRQHandler                                 build/startup_stm32f407xx.o
USART3_IRQHandler                                 build/startup_stm32f407xx.o
USART6_IRQHandler                                 build/startup_stm32f407xx.o
UsageFault_Handler                                build/stm32f4xx_it.o
WWDG_IRQHandler                                   build/startup_stm32f407xx.o
__aeabi_idiv0                                     /home/faoziaziz/Installer/gcc-arm-none-eabi-8-2018-q4-major-linux/gcc-arm-none-eabi-8-2018-q4-major/bin/../lib/gcc/arm-none-eabi/8.2.1/thumb/v7e-m+fp/hard/libgcc.a(_dvmd_tls.o)
__aeabi_ldiv0                                     /home/faoziaziz/Installer/gcc-arm-none-eabi-8-2018-q4-major-linux/gcc-arm-none-eabi-8-2018-q4-major/bin/../lib/gcc/arm-none-eabi/8.2.1/thumb/v7e-m+fp/hard/libgcc.a(_dvmd_tls.o)
                                                  /home/faoziaziz/Installer/gcc-arm-none-eabi-8-2018-q4-major-linux/gcc-arm-none-eabi-8-2018-q4-major/bin/../lib/gcc/arm-none-eabi/8.2.1/thumb/v7e-m+fp/hard/libgcc.a(_aeabi_uldivmod.o)
__aeabi_uldivmod                                  /home/faoziaziz/Installer/gcc-arm-none-eabi-8-2018-q4-major-linux/gcc-arm-none-eabi-8-2018-q4-major/bin/../lib/gcc/arm-none-eabi/8.2.1/thumb/v7e-m+fp/hard/libgcc.a(_aeabi_uldivmod.o)
                                                  build/stm32f4xx_hal_rcc.o
__bss_end__                                       /home/faoziaziz/Installer/gcc-arm-none-eabi-8-2018-q4-major-linux/gcc-arm-none-eabi-8-2018-q4-major/bin/../lib/gcc/arm-none-eabi/8.2.1/../../../../arm-none-eabi/lib/thumb/v7e-m+fp/hard/crt0.o
__bss_start__                                     /home/faoziaziz/Installer/gcc-arm-none-eabi-8-2018-q4-major-linux/gcc-arm-none-eabi-8-2018-q4-major/bin/../lib/gcc/arm-none-eabi/8.2.1/../../../../arm-none-eabi/lib/thumb/v7e-m+fp/hard/crt0.o
__call_exitprocs                                  /home/faoziaziz/Installer/gcc-arm-none-eabi-8-2018-q4-major-linux/gcc-arm-none-eabi-8-2018-q4-major/bin/../lib/gcc/arm-none-eabi/8.2.1/../../../../arm-none-eabi/lib/thumb/v7e-m+fp/hard/libc_nano.a(lib_a-exit.o)
__deregister_frame_info                           /home/faoziaziz/Installer/gcc-arm-none-eabi-8-2018-q4-major-linux/gcc-arm-none-eabi-8-2018-q4-major/bin/../lib/gcc/arm-none-eabi/8.2.1/thumb/v7e-m+fp/hard/crtbegin.o
__dso_handle                                      /home/faoziaziz/Installer/gcc-arm-none-eabi-8-2018-q4-major-linux/gcc-arm-none-eabi-8-2018-q4-major/bin/../lib/gcc/arm-none-eabi/8.2.1/thumb/v7e-m+fp/hard/crtbegin.o
__init_array_end                                  /home/faoziaziz/Installer/gcc-arm-none-eabi-8-2018-q4-major-linux/gcc-arm-none-eabi-8-2018-q4-major/bin/../lib/gcc/arm-none-eabi/8.2.1/../../../../arm-none-eabi/lib/thumb/v7e-m+fp/hard/libc_nano.a(lib_a-init.o)
__init_array_start                                /home/faoziaziz/Installer/gcc-arm-none-eabi-8-2018-q4-major-linux/gcc-arm-none-eabi-8-2018-q4-major/bin/../lib/gcc/arm-none-eabi/8.2.1/../../../../arm-none-eabi/lib/thumb/v7e-m+fp/hard/libc_nano.a(lib_a-init.o)
__libc_fini_array                                 /home/faoziaziz/Installer/gcc-arm-none-eabi-8-2018-q4-major-linux/gcc-arm-none-eabi-8-2018-q4-major/bin/../lib/gcc/arm-none-eabi/8.2.1/../../../../arm-none-eabi/lib/thumb/v7e-m+fp/hard/crt0.o
__libc_init_array                                 /home/faoziaziz/Installer/gcc-arm-none-eabi-8-2018-q4-major-linux/gcc-arm-none-eabi-8-2018-q4-major/bin/../lib/gcc/arm-none-eabi/8.2.1/../../../../arm-none-eabi/lib/thumb/v7e-m+fp/hard/libc_nano.a(lib_a-init.o)
                                                  build/startup_stm32f407xx.o
                                                  /home/faoziaziz/Installer/gcc-arm-none-eabi-8-2018-q4-major-linux/gcc-arm-none-eabi-8-2018-q4-major/bin/../lib/gcc/arm-none-eabi/8.2.1/../../../../arm-none-eabi/lib/thumb/v7e-m+fp/hard/crt0.o
__preinit_array_end                               /home/faoziaziz/Installer/gcc-arm-none-eabi-8-2018-q4-major-linux/gcc-arm-none-eabi-8-2018-q4-major/bin/../lib/gcc/arm-none-eabi/8.2.1/../../../../arm-none-eabi/lib/thumb/v7e-m+fp/hard/libc_nano.a(lib_a-init.o)
__preinit_array_start                             /home/faoziaziz/Installer/gcc-arm-none-eabi-8-2018-q4-major-linux/gcc-arm-none-eabi-8-2018-q4-major/bin/../lib/gcc/arm-none-eabi/8.2.1/../../../../arm-none-eabi/lib/thumb/v7e-m+fp/hard/libc_nano.a(lib_a-init.o)
__register_frame_info                             /home/faoziaziz/Installer/gcc-arm-none-eabi-8-2018-q4-major-linux/gcc-arm-none-eabi-8-2018-q4-major/bin/../lib/gcc/arm-none-eabi/8.2.1/thumb/v7e-m+fp/hard/crtbegin.o
__sf_fake_stderr                                  /home/faoziaziz/Installer/gcc-arm-none-eabi-8-2018-q4-major-linux/gcc-arm-none-eabi-8-2018-q4-major/bin/../lib/gcc/arm-none-eabi/8.2.1/../../../../arm-none-eabi/lib/thumb/v7e-m+fp/hard/libc_nano.a(lib_a-impure.o)
__sf_fake_stdin                                   /home/faoziaziz/Installer/gcc-arm-none-eabi-8-2018-q4-major-linux/gcc-arm-none-eabi-8-2018-q4-major/bin/../lib/gcc/arm-none-eabi/8.2.1/../../../../arm-none-eabi/lib/thumb/v7e-m+fp/hard/libc_nano.a(lib_a-impure.o)
__sf_fake_stdout                                  /home/faoziaziz/Installer/gcc-arm-none-eabi-8-2018-q4-major-linux/gcc-arm-none-eabi-8-2018-q4-major/bin/../lib/gcc/arm-none-eabi/8.2.1/../../../../arm-none-eabi/lib/thumb/v7e-m+fp/hard/libc_nano.a(lib_a-impure.o)
__stack                                           /home/faoziaziz/Installer/gcc-arm-none-eabi-8-2018-q4-major-linux/gcc-arm-none-eabi-8-2018-q4-major/bin/../lib/gcc/arm-none-eabi/8.2.1/../../../../arm-none-eabi/lib/thumb/v7e-m+fp/hard/crt0.o
__udivmoddi4                                      /home/faoziaziz/Installer/gcc-arm-none-eabi-8-2018-q4-major-linux/gcc-arm-none-eabi-8-2018-q4-major/bin/../lib/gcc/arm-none-eabi/8.2.1/thumb/v7e-m+fp/hard/libgcc.a(_udivmoddi4.o)
                                                  /home/faoziaziz/Installer/gcc-arm-none-eabi-8-2018-q4-major-linux/gcc-arm-none-eabi-8-2018-q4-major/bin/../lib/gcc/arm-none-eabi/8.2.1/thumb/v7e-m+fp/hard/libgcc.a(_aeabi_uldivmod.o)
_ebss                                             build/startup_stm32f407xx.o
_edata                                            build/startup_stm32f407xx.o
_estack                                           build/startup_stm32f407xx.o
_exit                                             /home/faoziaziz/Installer/gcc-arm-none-eabi-8-2018-q4-major-linux/gcc-arm-none-eabi-8-2018-q4-major/bin/../lib/gcc/arm-none-eabi/8.2.1/../../../../arm-none-eabi/lib/thumb/v7e-m+fp/hard/libnosys.a(_exit.o)
                                                  /home/faoziaziz/Installer/gcc-arm-none-eabi-8-2018-q4-major-linux/gcc-arm-none-eabi-8-2018-q4-major/bin/../lib/gcc/arm-none-eabi/8.2.1/../../../../arm-none-eabi/lib/thumb/v7e-m+fp/hard/libc_nano.a(lib_a-exit.o)
_fini                                             /home/faoziaziz/Installer/gcc-arm-none-eabi-8-2018-q4-major-linux/gcc-arm-none-eabi-8-2018-q4-major/bin/../lib/gcc/arm-none-eabi/8.2.1/thumb/v7e-m+fp/hard/crti.o
_global_impure_ptr                                /home/faoziaziz/Installer/gcc-arm-none-eabi-8-2018-q4-major-linux/gcc-arm-none-eabi-8-2018-q4-major/bin/../lib/gcc/arm-none-eabi/8.2.1/../../../../arm-none-eabi/lib/thumb/v7e-m+fp/hard/libc_nano.a(lib_a-impure.o)
                                                  /home/faoziaziz/Installer/gcc-arm-none-eabi-8-2018-q4-major-linux/gcc-arm-none-eabi-8-2018-q4-major/bin/../lib/gcc/arm-none-eabi/8.2.1/../../../../arm-none-eabi/lib/thumb/v7e-m+fp/hard/libc_nano.a(lib_a-exit.o)
_impure_ptr                                       /home/faoziaziz/Installer/gcc-arm-none-eabi-8-2018-q4-major-linux/gcc-arm-none-eabi-8-2018-q4-major/bin/../lib/gcc/arm-none-eabi/8.2.1/../../../../arm-none-eabi/lib/thumb/v7e-m+fp/hard/libc_nano.a(lib_a-impure.o)
_init                                             /home/faoziaziz/Installer/gcc-arm-none-eabi-8-2018-q4-major-linux/gcc-arm-none-eabi-8-2018-q4-major/bin/../lib/gcc/arm-none-eabi/8.2.1/thumb/v7e-m+fp/hard/crti.o
                                                  /home/faoziaziz/Installer/gcc-arm-none-eabi-8-2018-q4-major-linux/gcc-arm-none-eabi-8-2018-q4-major/bin/../lib/gcc/arm-none-eabi/8.2.1/../../../../arm-none-eabi/lib/thumb/v7e-m+fp/hard/libc_nano.a(lib_a-init.o)
_mainCRTStartup                                   /home/faoziaziz/Installer/gcc-arm-none-eabi-8-2018-q4-major-linux/gcc-arm-none-eabi-8-2018-q4-major/bin/../lib/gcc/arm-none-eabi/8.2.1/../../../../arm-none-eabi/lib/thumb/v7e-m+fp/hard/crt0.o
_sbss                                             build/startup_stm32f407xx.o
_sdata                                            build/startup_stm32f407xx.o
_sidata                                           build/startup_stm32f407xx.o
_start                                            /home/faoziaziz/Installer/gcc-arm-none-eabi-8-2018-q4-major-linux/gcc-arm-none-eabi-8-2018-q4-major/bin/../lib/gcc/arm-none-eabi/8.2.1/../../../../arm-none-eabi/lib/thumb/v7e-m+fp/hard/crt0.o
atexit                                            /home/faoziaziz/Installer/gcc-arm-none-eabi-8-2018-q4-major-linux/gcc-arm-none-eabi-8-2018-q4-major/bin/../lib/gcc/arm-none-eabi/8.2.1/../../../../arm-none-eabi/lib/thumb/v7e-m+fp/hard/crt0.o
defaultTaskHandle                                 build/main.o
exit                                              /home/faoziaziz/Installer/gcc-arm-none-eabi-8-2018-q4-major-linux/gcc-arm-none-eabi-8-2018-q4-major/bin/../lib/gcc/arm-none-eabi/8.2.1/../../../../arm-none-eabi/lib/thumb/v7e-m+fp/hard/libc_nano.a(lib_a-exit.o)
                                                  /home/faoziaziz/Installer/gcc-arm-none-eabi-8-2018-q4-major-linux/gcc-arm-none-eabi-8-2018-q4-major/bin/../lib/gcc/arm-none-eabi/8.2.1/../../../../arm-none-eabi/lib/thumb/v7e-m+fp/hard/crt0.o
g_pfnVectors                                      build/startup_stm32f407xx.o
hardware_init_hook                                /home/faoziaziz/Installer/gcc-arm-none-eabi-8-2018-q4-major-linux/gcc-arm-none-eabi-8-2018-q4-major/bin/../lib/gcc/arm-none-eabi/8.2.1/../../../../arm-none-eabi/lib/thumb/v7e-m+fp/hard/crt0.o
main                                              build/main.o
                                                  build/startup_stm32f407xx.o
                                                  /home/faoziaziz/Installer/gcc-arm-none-eabi-8-2018-q4-major-linux/gcc-arm-none-eabi-8-2018-q4-major/bin/../lib/gcc/arm-none-eabi/8.2.1/../../../../arm-none-eabi/lib/thumb/v7e-m+fp/hard/crt0.o
memcpy                                            /home/faoziaziz/Installer/gcc-arm-none-eabi-8-2018-q4-major-linux/gcc-arm-none-eabi-8-2018-q4-major/bin/../lib/gcc/arm-none-eabi/8.2.1/../../../../arm-none-eabi/lib/thumb/v7e-m+fp/hard/libc_nano.a(lib_a-memcpy-stub.o)
                                                  build/queue.o
memset                                            /home/faoziaziz/Installer/gcc-arm-none-eabi-8-2018-q4-major-linux/gcc-arm-none-eabi-8-2018-q4-major/bin/../lib/gcc/arm-none-eabi/8.2.1/../../../../arm-none-eabi/lib/thumb/v7e-m+fp/hard/libc_nano.a(lib_a-memset.o)
                                                  build/main.o
                                                  /home/faoziaziz/Installer/gcc-arm-none-eabi-8-2018-q4-major-linux/gcc-arm-none-eabi-8-2018-q4-major/bin/../lib/gcc/arm-none-eabi/8.2.1/../../../../arm-none-eabi/lib/thumb/v7e-m+fp/hard/crt0.o
myTask02Handle                                    build/main.o
osAbortDelay                                      build/cmsis_os.o
osDelay                                           build/cmsis_os.o
                                                  build/main.o
osDelayUntil                                      build/cmsis_os.o
osKernelRunning                                   build/cmsis_os.o
osKernelStart                                     build/cmsis_os.o
                                                  build/main.o
osKernelSysTick                                   build/cmsis_os.o
osMailAlloc                                       build/cmsis_os.o
osMailCAlloc                                      build/cmsis_os.o
osMailCreate                                      build/cmsis_os.o
osMailFree                                        build/cmsis_os.o
osMailGet                                         build/cmsis_os.o
osMailPut                                         build/cmsis_os.o
osMessageAvailableSpace                           build/cmsis_os.o
osMessageCreate                                   build/cmsis_os.o
osMessageDelete                                   build/cmsis_os.o
osMessageGet                                      build/cmsis_os.o
osMessagePeek                                     build/cmsis_os.o
osMessagePut                                      build/cmsis_os.o
osMessageWaiting                                  build/cmsis_os.o
osMutexCreate                                     build/cmsis_os.o
osMutexDelete                                     build/cmsis_os.o
osMutexRelease                                    build/cmsis_os.o
osMutexWait                                       build/cmsis_os.o
osPoolAlloc                                       build/cmsis_os.o
osPoolCAlloc                                      build/cmsis_os.o
osPoolCreate                                      build/cmsis_os.o
osPoolFree                                        build/cmsis_os.o
osRecursiveMutexCreate                            build/cmsis_os.o
osRecursiveMutexRelease                           build/cmsis_os.o
osRecursiveMutexWait                              build/cmsis_os.o
osSemaphoreCreate                                 build/cmsis_os.o
osSemaphoreDelete                                 build/cmsis_os.o
osSemaphoreGetCount                               build/cmsis_os.o
osSemaphoreRelease                                build/cmsis_os.o
osSemaphoreWait                                   build/cmsis_os.o
osSignalSet                                       build/cmsis_os.o
osSignalWait                                      build/cmsis_os.o
osSystickHandler                                  build/cmsis_os.o
                                                  build/stm32f4xx_it.o
osThreadCreate                                    build/cmsis_os.o
                                                  build/main.o
osThreadGetId                                     build/cmsis_os.o
osThreadGetPriority                               build/cmsis_os.o
osThreadList                                      build/cmsis_os.o
osThreadResume                                    build/cmsis_os.o
osThreadResumeAll                                 build/cmsis_os.o
osThreadSetPriority                               build/cmsis_os.o
osThreadSuspend                                   build/cmsis_os.o
osThreadSuspendAll                                build/cmsis_os.o
osThreadTerminate                                 build/cmsis_os.o
osThreadYield                                     build/cmsis_os.o
osTimerCreate                                     build/cmsis_os.o
osTimerDelete                                     build/cmsis_os.o
osTimerStart                                      build/cmsis_os.o
osTimerStop                                       build/cmsis_os.o
pFlash                                            build/stm32f4xx_hal_flash.o
                                                  build/stm32f4xx_hal_flash_ex.o
pcQueueGetName                                    build/queue.o
pcTaskGetName                                     build/tasks.o
pvPortMalloc                                      build/heap_4.o
                                                  build/cmsis_os.o
                                                  build/tasks.o
                                                  build/queue.o
                                                  build/event_groups.o
pvTaskIncrementMutexHeldCount                     build/tasks.o
                                                  build/queue.o
pxCurrentTCB                                      build/tasks.o
                                                  build/port.o
pxPortInitialiseStack                             build/port.o
                                                  build/tasks.o
software_init_hook                                /home/faoziaziz/Installer/gcc-arm-none-eabi-8-2018-q4-major-linux/gcc-arm-none-eabi-8-2018-q4-major/bin/../lib/gcc/arm-none-eabi/8.2.1/../../../../arm-none-eabi/lib/thumb/v7e-m+fp/hard/crt0.o
ulTaskNotifyTake                                  build/tasks.o
uwTick                                            build/stm32f4xx_hal.o
uwTickFreq                                        build/stm32f4xx_hal.o
uwTickPrio                                        build/stm32f4xx_hal.o
uxListRemove                                      build/list.o
                                                  build/tasks.o
uxQueueMessagesWaiting                            build/queue.o
                                                  build/cmsis_os.o
uxQueueMessagesWaitingFromISR                     build/queue.o
                                                  build/cmsis_os.o
uxQueueSpacesAvailable                            build/queue.o
                                                  build/cmsis_os.o
uxTaskGetNumberOfTasks                            build/tasks.o
uxTaskPriorityGet                                 build/tasks.o
                                                  build/cmsis_os.o
uxTaskPriorityGetFromISR                          build/tasks.o
                                                  build/cmsis_os.o
uxTaskResetEventItemValue                         build/tasks.o
                                                  build/event_groups.o
vEventGroupClearBitsCallback                      build/event_groups.o
vEventGroupDelete                                 build/event_groups.o
vEventGroupSetBitsCallback                        build/event_groups.o
vListInitialise                                   build/list.o
                                                  build/tasks.o
                                                  build/queue.o
                                                  build/event_groups.o
vListInitialiseItem                               build/list.o
                                                  build/tasks.o
vListInsert                                       build/list.o
                                                  build/tasks.o
vListInsertEnd                                    build/list.o
                                                  build/tasks.o
vPortEndScheduler                                 build/port.o
                                                  build/tasks.o
vPortEnterCritical                                build/port.o
                                                  build/cmsis_os.o
                                                  build/tasks.o
                                                  build/queue.o
                                                  build/event_groups.o
vPortExitCritical                                 build/port.o
                                                  build/cmsis_os.o
                                                  build/tasks.o
                                                  build/queue.o
                                                  build/event_groups.o
vPortFree                                         build/heap_4.o
                                                  build/cmsis_os.o
                                                  build/tasks.o
                                                  build/queue.o
                                                  build/event_groups.o
vPortInitialiseBlocks                             build/heap_4.o
vPortSetupTimerInterrupt                          build/port.o
vPortValidateInterruptPriority                    build/port.o
                                                  build/tasks.o
                                                  build/queue.o
vQueueAddToRegistry                               build/queue.o
vQueueDelete                                      build/queue.o
                                                  build/cmsis_os.o
vQueueUnregisterQueue                             build/queue.o
vTaskDelay                                        build/tasks.o
                                                  build/cmsis_os.o
vTaskDelete                                       build/tasks.o
                                                  build/cmsis_os.o
vTaskEndScheduler                                 build/tasks.o
vTaskMissedYield                                  build/tasks.o
                                                  build/queue.o
vTaskNotifyGiveFromISR                            build/tasks.o
vTaskPlaceOnEventList                             build/tasks.o
                                                  build/queue.o
vTaskPlaceOnUnorderedEventList                    build/tasks.o
                                                  build/event_groups.o
vTaskPriorityInherit                              build/tasks.o
                                                  build/queue.o
vTaskPrioritySet                                  build/tasks.o
                                                  build/cmsis_os.o
vTaskResume                                       build/tasks.o
                                                  build/cmsis_os.o
vTaskSetTimeOutState                              build/tasks.o
                                                  build/queue.o
vTaskStartScheduler                               build/tasks.o
                                                  build/cmsis_os.o
vTaskSuspend                                      build/tasks.o
                                                  build/cmsis_os.o
vTaskSuspendAll                                   build/tasks.o
                                                  build/heap_4.o
                                                  build/cmsis_os.o
                                                  build/queue.o
                                                  build/event_groups.o
vTaskSwitchContext                                build/tasks.o
                                                  build/port.o
xEventGroupClearBits                              build/event_groups.o
xEventGroupCreate                                 build/event_groups.o
xEventGroupGetBitsFromISR                         build/event_groups.o
xEventGroupSetBits                                build/event_groups.o
xEventGroupSync                                   build/event_groups.o
xEventGroupWaitBits                               build/event_groups.o
xPortGetFreeHeapSize                              build/heap_4.o
xPortGetMinimumEverFreeHeapSize                   build/heap_4.o
xPortStartScheduler                               build/port.o
                                                  build/tasks.o
xPortSysTickHandler                               build/port.o
                                                  build/cmsis_os.o
xQueueCreateMutex                                 build/queue.o
                                                  build/cmsis_os.o
xQueueGenericCreate                               build/queue.o
                                                  build/cmsis_os.o
xQueueGenericReceive                              build/queue.o
                                                  build/cmsis_os.o
xQueueGenericReset                                build/queue.o
xQueueGenericSend                                 build/queue.o
                                                  build/cmsis_os.o
xQueueGenericSendFromISR                          build/queue.o
                                                  build/cmsis_os.o
xQueueGiveFromISR                                 build/queue.o
                                                  build/cmsis_os.o
xQueueIsQueueEmptyFromISR                         build/queue.o
xQueueIsQueueFullFromISR                          build/queue.o
xQueuePeekFromISR                                 build/queue.o
xQueueReceiveFromISR                              build/queue.o
                                                  build/cmsis_os.o
xQueueRegistry                                    build/queue.o
xTaskCheckForTimeOut                              build/tasks.o
                                                  build/queue.o
xTaskCreate                                       build/tasks.o
                                                  build/cmsis_os.o
xTaskGenericNotify                                build/tasks.o
                                                  build/cmsis_os.o
xTaskGenericNotifyFromISR                         build/tasks.o
                                                  build/cmsis_os.o
xTaskGetCurrentTaskHandle                         build/tasks.o
                                                  build/cmsis_os.o
xTaskGetSchedulerState                            build/tasks.o
                                                  build/cmsis_os.o
                                                  build/queue.o
                                                  build/event_groups.o
xTaskGetTickCount                                 build/tasks.o
                                                  build/cmsis_os.o
xTaskGetTickCountFromISR                          build/tasks.o
                                                  build/cmsis_os.o
xTaskIncrementTick                                build/tasks.o
                                                  build/port.o
xTaskNotifyStateClear                             build/tasks.o
xTaskNotifyWait                                   build/tasks.o
                                                  build/cmsis_os.o
xTaskPriorityDisinherit                           build/tasks.o
                                                  build/queue.o
xTaskRemoveFromEventList                          build/tasks.o
                                                  build/queue.o
xTaskRemoveFromUnorderedEventList                 build/tasks.o
                                                  build/event_groups.o
xTaskResumeAll                                    build/tasks.o
                                                  build/heap_4.o
                                                  build/cmsis_os.o
                                                  build/queue.o
                                                  build/event_groups.o
xTaskResumeFromISR                                build/tasks.o
                                                  build/cmsis_os.o
